Archive member included to satisfy reference by file (symbol)

../../../Middlewares/ST/STM32_Audio/Addons/PDM/Lib\libPDMFilter_CM4_GCC_wc32.a(pdm_filter.o)
                              ./Drivers/BSP/STM32F4-Discovery/stm32f4_discovery_audio.o (PDM_Filter_Init)
../../../Middlewares/ST/STM32_Audio/Addons/PDM/Lib\libPDMFilter_CM4_GCC_wc32.a(stm32_crc_lock.o)
                              ../../../Middlewares/ST/STM32_Audio/Addons/PDM/Lib\libPDMFilter_CM4_GCC_wc32.a(pdm_filter.o) (CRC_Lock)
c:/st/stm32cubeide_1.10.1/stm32cubeide/plugins/com.st.stm32cube.ide.mcu.externaltools.gnu-tools-for-stm32.10.3-2021.10.win32_1.0.0.202111181127/tools/bin/../lib/gcc/arm-none-eabi/10.3.1/../../../../arm-none-eabi/lib/thumb/v7e-m+fp/hard\libc_nano.a(lib_a-errno.o)
                              ./syscalls.o (__errno)
c:/st/stm32cubeide_1.10.1/stm32cubeide/plugins/com.st.stm32cube.ide.mcu.externaltools.gnu-tools-for-stm32.10.3-2021.10.win32_1.0.0.202111181127/tools/bin/../lib/gcc/arm-none-eabi/10.3.1/../../../../arm-none-eabi/lib/thumb/v7e-m+fp/hard\libc_nano.a(lib_a-exit.o)
                              c:/st/stm32cubeide_1.10.1/stm32cubeide/plugins/com.st.stm32cube.ide.mcu.externaltools.gnu-tools-for-stm32.10.3-2021.10.win32_1.0.0.202111181127/tools/bin/../lib/gcc/arm-none-eabi/10.3.1/../../../../arm-none-eabi/lib/thumb/v7e-m+fp/hard/crt0.o (exit)
c:/st/stm32cubeide_1.10.1/stm32cubeide/plugins/com.st.stm32cube.ide.mcu.externaltools.gnu-tools-for-stm32.10.3-2021.10.win32_1.0.0.202111181127/tools/bin/../lib/gcc/arm-none-eabi/10.3.1/../../../../arm-none-eabi/lib/thumb/v7e-m+fp/hard\libc_nano.a(lib_a-impure.o)
                              c:/st/stm32cubeide_1.10.1/stm32cubeide/plugins/com.st.stm32cube.ide.mcu.externaltools.gnu-tools-for-stm32.10.3-2021.10.win32_1.0.0.202111181127/tools/bin/../lib/gcc/arm-none-eabi/10.3.1/../../../../arm-none-eabi/lib/thumb/v7e-m+fp/hard\libc_nano.a(lib_a-exit.o) (_global_impure_ptr)
c:/st/stm32cubeide_1.10.1/stm32cubeide/plugins/com.st.stm32cube.ide.mcu.externaltools.gnu-tools-for-stm32.10.3-2021.10.win32_1.0.0.202111181127/tools/bin/../lib/gcc/arm-none-eabi/10.3.1/../../../../arm-none-eabi/lib/thumb/v7e-m+fp/hard\libc_nano.a(lib_a-init.o)
                              c:/st/stm32cubeide_1.10.1/stm32cubeide/plugins/com.st.stm32cube.ide.mcu.externaltools.gnu-tools-for-stm32.10.3-2021.10.win32_1.0.0.202111181127/tools/bin/../lib/gcc/arm-none-eabi/10.3.1/../../../../arm-none-eabi/lib/thumb/v7e-m+fp/hard/crt0.o (__libc_init_array)
c:/st/stm32cubeide_1.10.1/stm32cubeide/plugins/com.st.stm32cube.ide.mcu.externaltools.gnu-tools-for-stm32.10.3-2021.10.win32_1.0.0.202111181127/tools/bin/../lib/gcc/arm-none-eabi/10.3.1/../../../../arm-none-eabi/lib/thumb/v7e-m+fp/hard\libc_nano.a(lib_a-memset.o)
                              c:/st/stm32cubeide_1.10.1/stm32cubeide/plugins/com.st.stm32cube.ide.mcu.externaltools.gnu-tools-for-stm32.10.3-2021.10.win32_1.0.0.202111181127/tools/bin/../lib/gcc/arm-none-eabi/10.3.1/../../../../arm-none-eabi/lib/thumb/v7e-m+fp/hard/crt0.o (memset)
c:/st/stm32cubeide_1.10.1/stm32cubeide/plugins/com.st.stm32cube.ide.mcu.externaltools.gnu-tools-for-stm32.10.3-2021.10.win32_1.0.0.202111181127/tools/bin/../lib/gcc/arm-none-eabi/10.3.1/../../../../arm-none-eabi/lib/thumb/v7e-m+fp/hard\libm.a(lib_a-sf_round.o)
                              ../../../Middlewares/ST/STM32_Audio/Addons/PDM/Lib\libPDMFilter_CM4_GCC_wc32.a(pdm_filter.o) (roundf)
c:/st/stm32cubeide_1.10.1/stm32cubeide/plugins/com.st.stm32cube.ide.mcu.externaltools.gnu-tools-for-stm32.10.3-2021.10.win32_1.0.0.202111181127/tools/bin/../lib/gcc/arm-none-eabi/10.3.1/../../../../arm-none-eabi/lib/thumb/v7e-m+fp/hard\libm.a(lib_a-wf_pow.o)
                              ../../../Middlewares/ST/STM32_Audio/Addons/PDM/Lib\libPDMFilter_CM4_GCC_wc32.a(pdm_filter.o) (powf)
c:/st/stm32cubeide_1.10.1/stm32cubeide/plugins/com.st.stm32cube.ide.mcu.externaltools.gnu-tools-for-stm32.10.3-2021.10.win32_1.0.0.202111181127/tools/bin/../lib/gcc/arm-none-eabi/10.3.1/../../../../arm-none-eabi/lib/thumb/v7e-m+fp/hard\libm.a(lib_a-ef_pow.o)
                              c:/st/stm32cubeide_1.10.1/stm32cubeide/plugins/com.st.stm32cube.ide.mcu.externaltools.gnu-tools-for-stm32.10.3-2021.10.win32_1.0.0.202111181127/tools/bin/../lib/gcc/arm-none-eabi/10.3.1/../../../../arm-none-eabi/lib/thumb/v7e-m+fp/hard\libm.a(lib_a-wf_pow.o) (__ieee754_powf)
c:/st/stm32cubeide_1.10.1/stm32cubeide/plugins/com.st.stm32cube.ide.mcu.externaltools.gnu-tools-for-stm32.10.3-2021.10.win32_1.0.0.202111181127/tools/bin/../lib/gcc/arm-none-eabi/10.3.1/../../../../arm-none-eabi/lib/thumb/v7e-m+fp/hard\libm.a(lib_a-ef_sqrt.o)
                              c:/st/stm32cubeide_1.10.1/stm32cubeide/plugins/com.st.stm32cube.ide.mcu.externaltools.gnu-tools-for-stm32.10.3-2021.10.win32_1.0.0.202111181127/tools/bin/../lib/gcc/arm-none-eabi/10.3.1/../../../../arm-none-eabi/lib/thumb/v7e-m+fp/hard\libm.a(lib_a-ef_pow.o) (__ieee754_sqrtf)
[...]
Memory Configuration

Name             Origin             Length             Attributes
FLASH            0x0000000008040000 0x0000000000100000 xr
RAM              0x0000000020000000 0x0000000000020000 xrw
CCMRAM           0x0000000010000000 0x0000000000010000 rw
*default*        0x0000000000000000 0xffffffffffffffff

Linker script and memory map

LOAD c:/st/stm32cubeide_1.10.1/stm32cubeide/plugins/com.st.stm32cube.ide.mcu.externaltools.gnu-tools-for-stm32.10.3-2021.10.win32_1.0.0.202111181127/tools/bin/../lib/gcc/arm-none-eabi/10.3.1/thumb/v7e-m+fp/hard/crti.o
LOAD c:/st/stm32cubeide_1.10.1/stm32cubeide/plugins/com.st.stm32cube.ide.mcu.externaltools.gnu-tools-for-stm32.10.3-2021.10.win32_1.0.0.202111181127/tools/bin/../lib/gcc/arm-none-eabi/10.3.1/thumb/v7e-m+fp/hard/crtbegin.o
LOAD c:/st/stm32cubeide_1.10.1/stm32cubeide/plugins/com.st.stm32cube.ide.mcu.externaltools.gnu-tools-for-stm32.10.3-2021.10.win32_1.0.0.202111181127/tools/bin/../lib/gcc/arm-none-eabi/10.3.1/../../../../arm-none-eabi/lib/thumb/v7e-m+fp/hard/crt0.o
LOAD ./Drivers/BSP/Components/cs43l22.o
LOAD ./Drivers/BSP/Components/lis302dl.o
LOAD ./Drivers/BSP/Components/lis3dsh.o
LOAD ./Drivers/BSP/STM32F4-Discovery/stm32f4_discovery.o
LOAD ./Drivers/BSP/STM32F4-Discovery/stm32f4_discovery_accelerometer.o
LOAD ./Drivers/BSP/STM32F4-Discovery/stm32f4_discovery_audio.o
LOAD ./Drivers/CMSIS/system_stm32f4xx.o
LOAD ./Drivers/STM32F4xx_HAL_Driver/stm32f4xx_hal.o
LOAD ./Drivers/STM32F4xx_HAL_Driver/stm32f4xx_hal_cortex.o
LOAD ./Drivers/STM32F4xx_HAL_Driver/stm32f4xx_hal_dma.o
LOAD ./Drivers/STM32F4xx_HAL_Driver/stm32f4xx_hal_flash.o
LOAD ./Drivers/STM32F4xx_HAL_Driver/stm32f4xx_hal_flash_ex.o
LOAD ./Drivers/STM32F4xx_HAL_Driver/stm32f4xx_hal_gpio.o
LOAD ./Drivers/STM32F4xx_HAL_Driver/stm32f4xx_hal_i2c.o
LOAD ./Drivers/STM32F4xx_HAL_Driver/stm32f4xx_hal_i2c_ex.o
LOAD ./Drivers/STM32F4xx_HAL_Driver/stm32f4xx_hal_i2s.o
LOAD ./Drivers/STM32F4xx_HAL_Driver/stm32f4xx_hal_i2s_ex.o
LOAD ./Drivers/STM32F4xx_HAL_Driver/stm32f4xx_hal_pwr.o
LOAD ./Drivers/STM32F4xx_HAL_Driver/stm32f4xx_hal_pwr_ex.o
LOAD ./Drivers/STM32F4xx_HAL_Driver/stm32f4xx_hal_rcc.o
LOAD ./Drivers/STM32F4xx_HAL_Driver/stm32f4xx_hal_rcc_ex.o
LOAD ./Drivers/STM32F4xx_HAL_Driver/stm32f4xx_hal_spi.o
LOAD ./Example/SW4STM32/startup_stm32f407xx.o
LOAD ./Example/User/audio_play.o
LOAD ./Example/User/audio_record.o
LOAD ./Example/User/main.o
LOAD ./Example/User/mems.o
LOAD ./Example/User/stm32f4xx_it.o
LOAD ./syscalls.o
LOAD ../../../Middlewares/ST/STM32_Audio/Addons/PDM/Lib\libPDMFilter_CM4_GCC_wc32.a
START GROUP
LOAD c:/st/stm32cubeide_1.10.1/stm32cubeide/plugins/com.st.stm32cube.ide.mcu.externaltools.gnu-tools-for-stm32.10.3-2021.10.win32_1.0.0.202111181127/tools/bin/../lib/gcc/arm-none-eabi/10.3.1/../../../../arm-none-eabi/lib/thumb/v7e-m+fp/hard\libc_nano.a
LOAD c:/st/stm32cubeide_1.10.1/stm32cubeide/plugins/com.st.stm32cube.ide.mcu.externaltools.gnu-tools-for-stm32.10.3-2021.10.win32_1.0.0.202111181127/tools/bin/../lib/gcc/arm-none-eabi/10.3.1/../../../../arm-none-eabi/lib/thumb/v7e-m+fp/hard\libm.a
END GROUP
START GROUP
LOAD c:/st/stm32cubeide_1.10.1/stm32cubeide/plugins/com.st.stm32cube.ide.mcu.externaltools.gnu-tools-for-stm32.10.3-2021.10.win32_1.0.0.202111181127/tools/bin/../lib/gcc/arm-none-eabi/10.3.1/thumb/v7e-m+fp/hard\libgcc.a
LOAD c:/st/stm32cubeide_1.10.1/stm32cubeide/plugins/com.st.stm32cube.ide.mcu.externaltools.gnu-tools-for-stm32.10.3-2021.10.win32_1.0.0.202111181127/tools/bin/../lib/gcc/arm-none-eabi/10.3.1/../../../../arm-none-eabi/lib/thumb/v7e-m+fp/hard\libc_nano.a
END GROUP
START GROUP
LOAD c:/st/stm32cubeide_1.10.1/stm32cubeide/plugins/com.st.stm32cube.ide.mcu.externaltools.gnu-tools-for-stm32.10.3-2021.10.win32_1.0.0.202111181127/tools/bin/../lib/gcc/arm-none-eabi/10.3.1/thumb/v7e-m+fp/hard\libgcc.a
LOAD c:/st/stm32cubeide_1.10.1/stm32cubeide/plugins/com.st.stm32cube.ide.mcu.externaltools.gnu-tools-for-stm32.10.3-2021.10.win32_1.0.0.202111181127/tools/bin/../lib/gcc/arm-none-eabi/10.3.1/../../../../arm-none-eabi/lib/thumb/v7e-m+fp/hard\libc_nano.a
LOAD c:/st/stm32cubeide_1.10.1/stm32cubeide/plugins/com.st.stm32cube.ide.mcu.externaltools.gnu-tools-for-stm32.10.3-2021.10.win32_1.0.0.202111181127/tools/bin/../lib/gcc/arm-none-eabi/10.3.1/../../../../arm-none-eabi/lib/thumb/v7e-m+fp/hard\libnosys.a
END GROUP
START GROUP
LOAD c:/st/stm32cubeide_1.10.1/stm32cubeide/plugins/com.st.stm32cube.ide.mcu.externaltools.gnu-tools-for-stm32.10.3-2021.10.win32_1.0.0.202111181127/tools/bin/../lib/gcc/arm-none-eabi/10.3.1/thumb/v7e-m+fp/hard\libgcc.a
LOAD c:/st/stm32cubeide_1.10.1/stm32cubeide/plugins/com.st.stm32cube.ide.mcu.externaltools.gnu-tools-for-stm32.10.3-2021.10.win32_1.0.0.202111181127/tools/bin/../lib/gcc/arm-none-eabi/10.3.1/../../../../arm-none-eabi/lib/thumb/v7e-m+fp/hard\libc_nano.a
LOAD c:/st/stm32cubeide_1.10.1/stm32cubeide/plugins/com.st.stm32cube.ide.mcu.externaltools.gnu-tools-for-stm32.10.3-2021.10.win32_1.0.0.202111181127/tools/bin/../lib/gcc/arm-none-eabi/10.3.1/../../../../arm-none-eabi/lib/thumb/v7e-m+fp/hard\libnosys.a
END GROUP
LOAD c:/st/stm32cubeide_1.10.1/stm32cubeide/plugins/com.st.stm32cube.ide.mcu.externaltools.gnu-tools-for-stm32.10.3-2021.10.win32_1.0.0.202111181127/tools/bin/../lib/gcc/arm-none-eabi/10.3.1/thumb/v7e-m+fp/hard/crtend.o
LOAD c:/st/stm32cubeide_1.10.1/stm32cubeide/plugins/com.st.stm32cube.ide.mcu.externaltools.gnu-tools-for-stm32.10.3-2021.10.win32_1.0.0.202111181127/tools/bin/../lib/gcc/arm-none-eabi/10.3.1/thumb/v7e-m+fp/hard/crtn.o
                0x0000000020020000                _estack = 0x20020000
                0x0000000000000200                _Min_Heap_Size = 0x200
                0x0000000000000400                _Min_Stack_Size = 0x400

.isr_vector     0x0000000008040000      0x188
                0x0000000008040000                . = ALIGN (0x4)
 *(.isr_vector)
 .isr_vector    0x0000000008040000      0x188 ./Example/SW4STM32/startup_stm32f407xx.o
                0x0000000008040000                g_pfnVectors
                0x0000000008040188                . = ALIGN (0x4)

.text           0x0000000008040188     0x6874
                0x0000000008040188                . = ALIGN (0x4)
 *(.text)
 .text          0x0000000008040188       0x40 c:/st/stm32cubeide_1.10.1/stm32cubeide/plugins/com.st.stm32cube.ide.mcu.externaltools.gnu-tools-for-stm32.10.3-2021.10.win32_1.0.0.202111181127/tools/bin/../lib/gcc/arm-none-eabi/10.3.1/thumb/v7e-m+fp/hard/crtbegin.o
 .text          0x00000000080401c8       0x30 c:/st/stm32cubeide_1.10.1/stm32cubeide/plugins/com.st.stm32cube.ide.mcu.externaltools.gnu-tools-for-stm32.10.3-2021.10.win32_1.0.0.202111181127/tools/bin/../lib/gcc/arm-none-eabi/10.3.1/thumb/v7e-m+fp/hard\libgcc.a(_aeabi_uldivmod.o)
                0x00000000080401c8                __aeabi_uldivmod
 .text          0x00000000080401f8      0x2d0 c:/st/stm32cubeide_1.10.1/stm32cubeide/plugins/com.st.stm32cube.ide.mcu.externaltools.gnu-tools-for-stm32.10.3-2021.10.win32_1.0.0.202111181127/tools/bin/../lib/gcc/arm-none-eabi/10.3.1/thumb/v7e-m+fp/hard\libgcc.a(_udivmoddi4.o)
                0x00000000080401f8                __udivmoddi4
 .text          0x00000000080404c8        0x4 c:/st/stm32cubeide_1.10.1/stm32cubeide/plugins/com.st.stm32cube.ide.mcu.externaltools.gnu-tools-for-stm32.10.3-2021.10.win32_1.0.0.202111181127/tools/bin/../lib/gcc/arm-none-eabi/10.3.1/thumb/v7e-m+fp/hard\libgcc.a(_dvmd_tls.o)
                0x00000000080404c8                __aeabi_idiv0
                0x00000000080404c8                __aeabi_ldiv0
 *(.text*)
 .text.cs43l22_SetFrequency
                0x00000000080404cc        0x4 ./Drivers/BSP/Components/cs43l22.o
                0x00000000080404cc                cs43l22_SetFrequency
 .text.cs43l22_Reset
                0x00000000080404d0        0x4 ./Drivers/BSP/Components/cs43l22.o
                0x00000000080404d0                cs43l22_Reset
 .text.cs43l22_SetVolume
                0x00000000080404d4       0x38 ./Drivers/BSP/Components/cs43l22.o
                0x00000000080404d4                cs43l22_SetVolume
 .text.cs43l22_Init
                0x000000000804050c       0xc8 ./Drivers/BSP/Components/cs43l22.o
                0x000000000804050c                cs43l22_Init
 .text.cs43l22_SetOutputMode
                0x00000000080405d4       0x4c ./Drivers/BSP/Components/cs43l22.o
                0x00000000080405d4                cs43l22_SetOutputMode
 .text.cs43l22_DeInit
                0x0000000008040620        0x4 ./Drivers/BSP/Components/cs43l22.o
                0x0000000008040620                cs43l22_DeInit
 .text.cs43l22_ReadID
                0x0000000008040624       0x16 ./Drivers/BSP/Components/cs43l22.o
                0x0000000008040624                cs43l22_ReadID
 .text.cs43l22_SetMute.part.0
                0x000000000804063a       0x28 ./Drivers/BSP/Components/cs43l22.o
 *fill*         0x0000000008040662        0x2 
 .text.cs43l22_SetMute
                0x0000000008040664       0x3c ./Drivers/BSP/Components/cs43l22.o
                0x0000000008040664                cs43l22_SetMute
 .text.cs43l22_Resume
                0x00000000080406a0       0x44 ./Drivers/BSP/Components/cs43l22.o
                0x00000000080406a0                cs43l22_Resume
 .text.cs43l22_Pause
                0x00000000080406e4       0x16 ./Drivers/BSP/Components/cs43l22.o
                0x00000000080406e4                cs43l22_Pause
 *fill*         0x00000000080406fa        0x2 
 .text.cs43l22_Stop
                0x00000000080406fc       0x30 ./Drivers/BSP/Components/cs43l22.o
                0x00000000080406fc                cs43l22_Stop
 .text.cs43l22_Play
                0x000000000804072c       0x3c ./Drivers/BSP/Components/cs43l22.o
                0x000000000804072c                cs43l22_Play
 .text.LIS302DL_DeInit
                0x0000000008040768        0x2 ./Drivers/BSP/Components/lis302dl.o
                0x0000000008040768                LIS302DL_DeInit
 .text.LIS302DL_Init
                0x000000000804076a       0x22 ./Drivers/BSP/Components/lis302dl.o
                0x000000000804076a                LIS302DL_Init
 .text.LIS302DL_ReadID
                0x000000000804078c       0x22 ./Drivers/BSP/Components/lis302dl.o
                0x000000000804078c                LIS302DL_ReadID
 .text.LIS302DL_FilterConfig
                0x00000000080407ae       0x34 ./Drivers/BSP/Components/lis302dl.o
                0x00000000080407ae                LIS302DL_FilterConfig
 .text.LIS302DL_Click_IntClear
                0x00000000080407e2       0x24 ./Drivers/BSP/Components/lis302dl.o
                0x00000000080407e2                LIS302DL_Click_IntClear
 .text.LIS302DL_RebootCmd
                0x0000000008040806       0x2c ./Drivers/BSP/Components/lis302dl.o
                0x0000000008040806                LIS302DL_RebootCmd
 .text.LIS302DL_ReadACC
                0x0000000008040832       0x4a ./Drivers/BSP/Components/lis302dl.o
                0x0000000008040832                LIS302DL_ReadACC
 .text.LIS302DL_InterruptConfig
                0x000000000804087c       0x34 ./Drivers/BSP/Components/lis302dl.o
                0x000000000804087c                LIS302DL_InterruptConfig
 .text.LIS302DL_Click_IntConfig
                0x00000000080408b0       0xb6 ./Drivers/BSP/Components/lis302dl.o
                0x00000000080408b0                LIS302DL_Click_IntConfig
 .text.LIS3DSH_DeInit
                0x0000000008040966        0x2 ./Drivers/BSP/Components/lis3dsh.o
                0x0000000008040966                LIS3DSH_DeInit
 .text.LIS3DSH_Init
                0x0000000008040968       0x34 ./Drivers/BSP/Components/lis3dsh.o
                0x0000000008040968                LIS3DSH_Init
 .text.LIS3DSH_ReadID
                0x000000000804099c       0x22 ./Drivers/BSP/Components/lis3dsh.o
                0x000000000804099c                LIS3DSH_ReadID
 .text.LIS3DSH_RebootCmd
                0x00000000080409be       0x2c ./Drivers/BSP/Components/lis3dsh.o
                0x00000000080409be                LIS3DSH_RebootCmd
 *fill*         0x00000000080409ea        0x2 
 .text.LIS3DSH_ReadACC
                0x00000000080409ec       0xac ./Drivers/BSP/Components/lis3dsh.o
                0x00000000080409ec                LIS3DSH_ReadACC
 .text.LIS3DSH_InterruptConfig
                0x0000000008040a98       0x4e ./Drivers/BSP/Components/lis3dsh.o
                0x0000000008040a98                LIS3DSH_InterruptConfig
 .text.LIS3DSH_Click_IntConfig
                0x0000000008040ae6       0xec ./Drivers/BSP/Components/lis3dsh.o
                0x0000000008040ae6                LIS3DSH_Click_IntConfig
 *fill*         0x0000000008040bd2        0x2 
 .text.SPIx_Init
                0x0000000008040bd4       0x9c ./Drivers/BSP/STM32F4-Discovery/stm32f4_discovery.o
 .text.SPIx_WriteRead
                0x0000000008040c70       0x40 ./Drivers/BSP/STM32F4-Discovery/stm32f4_discovery.o
 .text.I2Cx_Init
                0x0000000008040cb0       0xc4 ./Drivers/BSP/STM32F4-Discovery/stm32f4_discovery.o
 .text.BSP_LED_Init
                0x0000000008040d74       0xb0 ./Drivers/BSP/STM32F4-Discovery/stm32f4_discovery.o
                0x0000000008040d74                BSP_LED_Init
 .text.BSP_LED_On
                0x0000000008040e24       0x1c ./Drivers/BSP/STM32F4-Discovery/stm32f4_discovery.o
                0x0000000008040e24                BSP_LED_On
 .text.BSP_LED_Off
                0x0000000008040e40       0x1c ./Drivers/BSP/STM32F4-Discovery/stm32f4_discovery.o
                0x0000000008040e40                BSP_LED_Off
 .text.BSP_LED_Toggle
                0x0000000008040e5c       0x1c ./Drivers/BSP/STM32F4-Discovery/stm32f4_discovery.o
                0x0000000008040e5c                BSP_LED_Toggle
 .text.BSP_PB_Init
                0x0000000008040e78       0x78 ./Drivers/BSP/STM32F4-Discovery/stm32f4_discovery.o
                0x0000000008040e78                BSP_PB_Init
 .text.BSP_PB_GetState
                0x0000000008040ef0       0x18 ./Drivers/BSP/STM32F4-Discovery/stm32f4_discovery.o
                0x0000000008040ef0                BSP_PB_GetState
 .text.ACCELERO_IO_Init
                0x0000000008040f08       0x4c ./Drivers/BSP/STM32F4-Discovery/stm32f4_discovery.o
                0x0000000008040f08                ACCELERO_IO_Init
 .text.ACCELERO_IO_ITConfig
                0x0000000008040f54       0x50 ./Drivers/BSP/STM32F4-Discovery/stm32f4_discovery.o
                0x0000000008040f54                ACCELERO_IO_ITConfig
 .text.ACCELERO_IO_Write
                0x0000000008040fa4       0x44 ./Drivers/BSP/STM32F4-Discovery/stm32f4_discovery.o
                0x0000000008040fa4                ACCELERO_IO_Write
 .text.ACCELERO_IO_Read
                0x0000000008040fe8       0x48 ./Drivers/BSP/STM32F4-Discovery/stm32f4_discovery.o
                0x0000000008040fe8                ACCELERO_IO_Read
 .text.AUDIO_IO_Init
                0x0000000008041030       0x64 ./Drivers/BSP/STM32F4-Discovery/stm32f4_discovery.o
                0x0000000008041030                AUDIO_IO_Init
 .text.AUDIO_IO_DeInit
                0x0000000008041094        0x2 ./Drivers/BSP/STM32F4-Discovery/stm32f4_discovery.o
                0x0000000008041094                AUDIO_IO_DeInit
 *fill*         0x0000000008041096        0x2 
 .text.AUDIO_IO_Write
                0x0000000008041098       0x3c ./Drivers/BSP/STM32F4-Discovery/stm32f4_discovery.o
                0x0000000008041098                AUDIO_IO_Write
 .text.AUDIO_IO_Read
                0x00000000080410d4       0x40 ./Drivers/BSP/STM32F4-Discovery/stm32f4_discovery.o
                0x00000000080410d4                AUDIO_IO_Read
 .text.BSP_ACCELERO_Init
                0x0000000008041114       0x48 ./Drivers/BSP/STM32F4-Discovery/stm32f4_discovery_accelerometer.o
                0x0000000008041114                BSP_ACCELERO_Init
 .text.BSP_ACCELERO_ReadID
                0x000000000804115c       0x10 ./Drivers/BSP/STM32F4-Discovery/stm32f4_discovery_accelerometer.o
                0x000000000804115c                BSP_ACCELERO_ReadID
 .text.BSP_ACCELERO_Click_ITConfig
                0x000000000804116c       0x10 ./Drivers/BSP/STM32F4-Discovery/stm32f4_discovery_accelerometer.o
                0x000000000804116c                BSP_ACCELERO_Click_ITConfig
 .text.BSP_ACCELERO_Click_ITClear
                0x000000000804117c       0x10 ./Drivers/BSP/STM32F4-Discovery/stm32f4_discovery_accelerometer.o
                0x000000000804117c                BSP_ACCELERO_Click_ITClear
 .text.BSP_ACCELERO_GetXYZ
                0x000000000804118c       0x2c ./Drivers/BSP/STM32F4-Discovery/stm32f4_discovery_accelerometer.o
                0x000000000804118c                BSP_ACCELERO_GetXYZ
 .text.I2S3_Init
                0x00000000080411b8       0x3c ./Drivers/BSP/STM32F4-Discovery/stm32f4_discovery_audio.o
 .text.BSP_AUDIO_OUT_Play
                0x00000000080411f4       0x38 ./Drivers/BSP/STM32F4-Discovery/stm32f4_discovery_audio.o
                0x00000000080411f4                BSP_AUDIO_OUT_Play
 .text.BSP_AUDIO_OUT_ChangeBuffer
                0x000000000804122c       0x10 ./Drivers/BSP/STM32F4-Discovery/stm32f4_discovery_audio.o
                0x000000000804122c                BSP_AUDIO_OUT_ChangeBuffer
 .text.BSP_AUDIO_OUT_Pause
                0x000000000804123c       0x24 ./Drivers/BSP/STM32F4-Discovery/stm32f4_discovery_audio.o
                0x000000000804123c                BSP_AUDIO_OUT_Pause
 .text.BSP_AUDIO_OUT_Resume
                0x0000000008041260       0x24 ./Drivers/BSP/STM32F4-Discovery/stm32f4_discovery_audio.o
                0x0000000008041260                BSP_AUDIO_OUT_Resume
 .text.BSP_AUDIO_OUT_Stop
                0x0000000008041284       0x40 ./Drivers/BSP/STM32F4-Discovery/stm32f4_discovery_audio.o
                0x0000000008041284                BSP_AUDIO_OUT_Stop
 .text.BSP_AUDIO_OUT_ClockConfig
                0x00000000080412c4       0x50 ./Drivers/BSP/STM32F4-Discovery/stm32f4_discovery_audio.o
                0x00000000080412c4                BSP_AUDIO_OUT_ClockConfig
 .text.BSP_AUDIO_OUT_MspInit
                0x0000000008041314      0x120 ./Drivers/BSP/STM32F4-Discovery/stm32f4_discovery_audio.o
                0x0000000008041314                BSP_AUDIO_OUT_MspInit
 .text.BSP_AUDIO_OUT_Init
                0x0000000008041434       0x70 ./Drivers/BSP/STM32F4-Discovery/stm32f4_discovery_audio.o
                0x0000000008041434                BSP_AUDIO_OUT_Init
 .text.HAL_I2S_TxCpltCallback
                0x00000000080414a4       0x14 ./Drivers/BSP/STM32F4-Discovery/stm32f4_discovery_audio.o
                0x00000000080414a4                HAL_I2S_TxCpltCallback
 .text.BSP_AUDIO_OUT_HalfTransfer_CallBack
                0x00000000080414b8        0x2 ./Drivers/BSP/STM32F4-Discovery/stm32f4_discovery_audio.o
                0x00000000080414b8                BSP_AUDIO_OUT_HalfTransfer_CallBack
 *fill*         0x00000000080414ba        0x2 
 .text.HAL_I2S_TxHalfCpltCallback
                0x00000000080414bc       0x14 ./Drivers/BSP/STM32F4-Discovery/stm32f4_discovery_audio.o
                0x00000000080414bc                HAL_I2S_TxHalfCpltCallback
 .text.BSP_AUDIO_IN_Record
                0x00000000080414d0       0x14 ./Drivers/BSP/STM32F4-Discovery/stm32f4_discovery_audio.o
                0x00000000080414d0                BSP_AUDIO_IN_Record
 .text.BSP_AUDIO_IN_Stop
                0x00000000080414e4       0x10 ./Drivers/BSP/STM32F4-Discovery/stm32f4_discovery_audio.o
                0x00000000080414e4                BSP_AUDIO_IN_Stop
 .text.BSP_AUDIO_IN_PDMToPCM
                0x00000000080414f4       0x44 ./Drivers/BSP/STM32F4-Discovery/stm32f4_discovery_audio.o
                0x00000000080414f4                BSP_AUDIO_IN_PDMToPCM
 .text.BSP_AUDIO_IN_ClockConfig
                0x0000000008041538       0x30 ./Drivers/BSP/STM32F4-Discovery/stm32f4_discovery_audio.o
                0x0000000008041538                BSP_AUDIO_IN_ClockConfig
 .text.BSP_AUDIO_IN_MspInit
                0x0000000008041568      0x10c ./Drivers/BSP/STM32F4-Discovery/stm32f4_discovery_audio.o
                0x0000000008041568                BSP_AUDIO_IN_MspInit
 .text.BSP_AUDIO_IN_Init
                0x0000000008041674       0xe8 ./Drivers/BSP/STM32F4-Discovery/stm32f4_discovery_audio.o
                0x0000000008041674                BSP_AUDIO_IN_Init
 .text.HAL_I2S_RxCpltCallback
                0x000000000804175c        0x8 ./Drivers/BSP/STM32F4-Discovery/stm32f4_discovery_audio.o
                0x000000000804175c                HAL_I2S_RxCpltCallback
 .text.HAL_I2S_RxHalfCpltCallback
                0x0000000008041764        0x8 ./Drivers/BSP/STM32F4-Discovery/stm32f4_discovery_audio.o
                0x0000000008041764                HAL_I2S_RxHalfCpltCallback
 .text.HAL_I2S_ErrorCallback
                0x000000000804176c       0x28 ./Drivers/BSP/STM32F4-Discovery/stm32f4_discovery_audio.o
                0x000000000804176c                HAL_I2S_ErrorCallback
 .text.SystemInit
                0x0000000008041794       0x4c ./Drivers/CMSIS/system_stm32f4xx.o
                0x0000000008041794                SystemInit
 .text.HAL_MspInit
                0x00000000080417e0        0x2 ./Drivers/STM32F4xx_HAL_Driver/stm32f4xx_hal.o
                0x00000000080417e0                HAL_MspInit
 *fill*         0x00000000080417e2        0x2 
 .text.HAL_InitTick
                0x00000000080417e4       0x44 ./Drivers/STM32F4xx_HAL_Driver/stm32f4xx_hal.o
                0x00000000080417e4                HAL_InitTick
 .text.HAL_Init
                0x0000000008041828       0x2c ./Drivers/STM32F4xx_HAL_Driver/stm32f4xx_hal.o
                0x0000000008041828                HAL_Init
 .text.HAL_IncTick
                0x0000000008041854       0x18 ./Drivers/STM32F4xx_HAL_Driver/stm32f4xx_hal.o
                0x0000000008041854                HAL_IncTick
 .text.HAL_GetTick
                0x000000000804186c        0xc ./Drivers/STM32F4xx_HAL_Driver/stm32f4xx_hal.o
                0x000000000804186c                HAL_GetTick
 .text.HAL_Delay
                0x0000000008041878       0x28 ./Drivers/STM32F4xx_HAL_Driver/stm32f4xx_hal.o
                0x0000000008041878                HAL_Delay
 .text.HAL_GetREVID
                0x00000000080418a0        0xc ./Drivers/STM32F4xx_HAL_Driver/stm32f4xx_hal.o
                0x00000000080418a0                HAL_GetREVID
 .text.HAL_NVIC_SetPriorityGrouping
                0x00000000080418ac       0x24 ./Drivers/STM32F4xx_HAL_Driver/stm32f4xx_hal_cortex.o
                0x00000000080418ac                HAL_NVIC_SetPriorityGrouping
 .text.HAL_NVIC_SetPriority
                0x00000000080418d0       0x64 ./Drivers/STM32F4xx_HAL_Driver/stm32f4xx_hal_cortex.o
                0x00000000080418d0                HAL_NVIC_SetPriority
 .text.HAL_NVIC_EnableIRQ
                0x0000000008041934       0x1c ./Drivers/STM32F4xx_HAL_Driver/stm32f4xx_hal_cortex.o
                0x0000000008041934                HAL_NVIC_EnableIRQ
 .text.HAL_SYSTICK_Config
                0x0000000008041950       0x28 ./Drivers/STM32F4xx_HAL_Driver/stm32f4xx_hal_cortex.o
                0x0000000008041950                HAL_SYSTICK_Config
 .text.DMA_CalcBaseAndBitshift
                0x0000000008041978       0x2c ./Drivers/STM32F4xx_HAL_Driver/stm32f4xx_hal_dma.o
 .text.HAL_DMA_Init
                0x00000000080419a4      0x100 ./Drivers/STM32F4xx_HAL_Driver/stm32f4xx_hal_dma.o
                0x00000000080419a4                HAL_DMA_Init
 .text.HAL_DMA_DeInit
                0x0000000008041aa4       0x54 ./Drivers/STM32F4xx_HAL_Driver/stm32f4xx_hal_dma.o
                0x0000000008041aa4                HAL_DMA_DeInit
 .text.HAL_DMA_Start_IT
                0x0000000008041af8       0x74 ./Drivers/STM32F4xx_HAL_Driver/stm32f4xx_hal_dma.o
                0x0000000008041af8                HAL_DMA_Start_IT
 .text.HAL_DMA_Abort
                0x0000000008041b6c       0x88 ./Drivers/STM32F4xx_HAL_Driver/stm32f4xx_hal_dma.o
                0x0000000008041b6c                HAL_DMA_Abort
 .text.HAL_DMA_IRQHandler
                0x0000000008041bf4      0x17c ./Drivers/STM32F4xx_HAL_Driver/stm32f4xx_hal_dma.o
                0x0000000008041bf4                HAL_DMA_IRQHandler
 .text.HAL_GPIO_Init
                0x0000000008041d70      0x1b4 ./Drivers/STM32F4xx_HAL_Driver/stm32f4xx_hal_gpio.o
                0x0000000008041d70                HAL_GPIO_Init
 .text.HAL_GPIO_ReadPin
                0x0000000008041f24        0xc ./Drivers/STM32F4xx_HAL_Driver/stm32f4xx_hal_gpio.o
                0x0000000008041f24                HAL_GPIO_ReadPin
 .text.HAL_GPIO_WritePin
                0x0000000008041f30        0xa ./Drivers/STM32F4xx_HAL_Driver/stm32f4xx_hal_gpio.o
                0x0000000008041f30                HAL_GPIO_WritePin
 .text.HAL_GPIO_TogglePin
                0x0000000008041f3a       0x12 ./Drivers/STM32F4xx_HAL_Driver/stm32f4xx_hal_gpio.o
                0x0000000008041f3a                HAL_GPIO_TogglePin
 .text.HAL_GPIO_EXTI_IRQHandler
                0x0000000008041f4c       0x18 ./Drivers/STM32F4xx_HAL_Driver/stm32f4xx_hal_gpio.o
                0x0000000008041f4c                HAL_GPIO_EXTI_IRQHandler
 .text.I2C_IsAcknowledgeFailed
                0x0000000008041f64       0x34 ./Drivers/STM32F4xx_HAL_Driver/stm32f4xx_hal_i2c.o
 .text.I2C_WaitOnFlagUntilTimeout
                0x0000000008041f98       0x64 ./Drivers/STM32F4xx_HAL_Driver/stm32f4xx_hal_i2c.o
 .text.I2C_WaitOnMasterAddressFlagUntilTimeout
                0x0000000008041ffc       0x76 ./Drivers/STM32F4xx_HAL_Driver/stm32f4xx_hal_i2c.o
 .text.I2C_WaitOnRXNEFlagUntilTimeout
                0x0000000008042072       0x5e ./Drivers/STM32F4xx_HAL_Driver/stm32f4xx_hal_i2c.o
 .text.I2C_WaitOnBTFFlagUntilTimeout
                0x00000000080420d0       0x4c ./Drivers/STM32F4xx_HAL_Driver/stm32f4xx_hal_i2c.o
 .text.I2C_WaitOnTXEFlagUntilTimeout
                0x000000000804211c       0x4c ./Drivers/STM32F4xx_HAL_Driver/stm32f4xx_hal_i2c.o
 .text.I2C_RequestMemoryWrite
                0x0000000008042168       0xb0 ./Drivers/STM32F4xx_HAL_Driver/stm32f4xx_hal_i2c.o
 .text.I2C_RequestMemoryRead
                0x0000000008042218      0x104 ./Drivers/STM32F4xx_HAL_Driver/stm32f4xx_hal_i2c.o
 .text.HAL_I2C_MspInit
                0x000000000804231c        0x2 ./Drivers/STM32F4xx_HAL_Driver/stm32f4xx_hal_i2c.o
                0x000000000804231c                HAL_I2C_MspInit
 *fill*         0x000000000804231e        0x2 
 .text.HAL_I2C_Init
                0x0000000008042320      0x150 ./Drivers/STM32F4xx_HAL_Driver/stm32f4xx_hal_i2c.o
                0x0000000008042320                HAL_I2C_Init
 .text.HAL_I2C_MspDeInit
                0x0000000008042470        0x2 ./Drivers/STM32F4xx_HAL_Driver/stm32f4xx_hal_i2c.o
                0x0000000008042470                HAL_I2C_MspDeInit
 .text.HAL_I2C_DeInit
                0x0000000008042472       0x32 ./Drivers/STM32F4xx_HAL_Driver/stm32f4xx_hal_i2c.o
                0x0000000008042472                HAL_I2C_DeInit
 .text.HAL_I2C_Mem_Write
                0x00000000080424a4      0x120 ./Drivers/STM32F4xx_HAL_Driver/stm32f4xx_hal_i2c.o
                0x00000000080424a4                HAL_I2C_Mem_Write
 .text.HAL_I2C_Mem_Read
                0x00000000080425c4      0x210 ./Drivers/STM32F4xx_HAL_Driver/stm32f4xx_hal_i2c.o
                0x00000000080425c4                HAL_I2C_Mem_Read
 .text.HAL_I2C_GetState
                0x00000000080427d4        0x6 ./Drivers/STM32F4xx_HAL_Driver/stm32f4xx_hal_i2c.o
                0x00000000080427d4                HAL_I2C_GetState
 .text.I2S_WaitFlagStateUntilTimeout
                0x00000000080427da       0x4a ./Drivers/STM32F4xx_HAL_Driver/stm32f4xx_hal_i2s.o
 .text.HAL_I2S_MspInit
                0x0000000008042824        0x2 ./Drivers/STM32F4xx_HAL_Driver/stm32f4xx_hal_i2s.o
                0x0000000008042824                HAL_I2S_MspInit
 *fill*         0x0000000008042826        0x2 
 .text.HAL_I2S_Init
                0x0000000008042828      0x134 ./Drivers/STM32F4xx_HAL_Driver/stm32f4xx_hal_i2s.o
                0x0000000008042828                HAL_I2S_Init
 .text.HAL_I2S_Transmit_DMA
                0x000000000804295c       0xc8 ./Drivers/STM32F4xx_HAL_Driver/stm32f4xx_hal_i2s.o
                0x000000000804295c                HAL_I2S_Transmit_DMA
 .text.HAL_I2S_Receive_DMA
                0x0000000008042a24       0xe0 ./Drivers/STM32F4xx_HAL_Driver/stm32f4xx_hal_i2s.o
                0x0000000008042a24                HAL_I2S_Receive_DMA
 .text.HAL_I2S_DMAPause
                0x0000000008042b04       0x70 ./Drivers/STM32F4xx_HAL_Driver/stm32f4xx_hal_i2s.o
                0x0000000008042b04                HAL_I2S_DMAPause
 .text.HAL_I2S_DMAResume
                0x0000000008042b74       0x88 ./Drivers/STM32F4xx_HAL_Driver/stm32f4xx_hal_i2s.o
                0x0000000008042b74                HAL_I2S_DMAResume
 .text.HAL_I2S_DMAStop
                0x0000000008042bfc      0x1ec ./Drivers/STM32F4xx_HAL_Driver/stm32f4xx_hal_i2s.o
                0x0000000008042bfc                HAL_I2S_DMAStop
 .text.I2S_DMATxHalfCplt
                0x0000000008042de8        0xa ./Drivers/STM32F4xx_HAL_Driver/stm32f4xx_hal_i2s.o
 .text.I2S_DMATxCplt
                0x0000000008042df2       0x22 ./Drivers/STM32F4xx_HAL_Driver/stm32f4xx_hal_i2s.o
 .text.I2S_DMARxHalfCplt
                0x0000000008042e14        0xa ./Drivers/STM32F4xx_HAL_Driver/stm32f4xx_hal_i2s.o
 .text.I2S_DMARxCplt
                0x0000000008042e1e       0x22 ./Drivers/STM32F4xx_HAL_Driver/stm32f4xx_hal_i2s.o
 .text.I2S_IRQHandler
                0x0000000008042e40       0xfa ./Drivers/STM32F4xx_HAL_Driver/stm32f4xx_hal_i2s.o
 .text.I2S_DMAError
                0x0000000008042f3a       0x28 ./Drivers/STM32F4xx_HAL_Driver/stm32f4xx_hal_i2s.o
 .text.HAL_I2S_GetState
                0x0000000008042f62        0x6 ./Drivers/STM32F4xx_HAL_Driver/stm32f4xx_hal_i2s.o
                0x0000000008042f62                HAL_I2S_GetState
 .text.HAL_I2SEx_TxRxCpltCallback
                0x0000000008042f68        0x2 ./Drivers/STM32F4xx_HAL_Driver/stm32f4xx_hal_i2s_ex.o
                0x0000000008042f68                HAL_I2SEx_TxRxCpltCallback
 *fill*         0x0000000008042f6a        0x2 
 .text.HAL_I2SEx_FullDuplex_IRQHandler
                0x0000000008042f6c      0x248 ./Drivers/STM32F4xx_HAL_Driver/stm32f4xx_hal_i2s_ex.o
                0x0000000008042f6c                HAL_I2SEx_FullDuplex_IRQHandler
 .text.HAL_RCC_OscConfig
                0x00000000080431b4      0x360 ./Drivers/STM32F4xx_HAL_Driver/stm32f4xx_hal_rcc.o
                0x00000000080431b4                HAL_RCC_OscConfig
 .text.HAL_RCC_GetSysClockFreq
                0x0000000008043514       0x5c ./Drivers/STM32F4xx_HAL_Driver/stm32f4xx_hal_rcc.o
                0x0000000008043514                HAL_RCC_GetSysClockFreq
 .text.HAL_RCC_ClockConfig
                0x0000000008043570      0x138 ./Drivers/STM32F4xx_HAL_Driver/stm32f4xx_hal_rcc.o
                0x0000000008043570                HAL_RCC_ClockConfig
 .text.HAL_RCC_GetPCLK1Freq
                0x00000000080436a8       0x20 ./Drivers/STM32F4xx_HAL_Driver/stm32f4xx_hal_rcc.o
                0x00000000080436a8                HAL_RCC_GetPCLK1Freq
 .text.HAL_RCCEx_PeriphCLKConfig
                0x00000000080436c8      0x130 ./Drivers/STM32F4xx_HAL_Driver/stm32f4xx_hal_rcc_ex.o
                0x00000000080436c8                HAL_RCCEx_PeriphCLKConfig
 .text.HAL_RCCEx_GetPeriphCLKConfig
                0x00000000080437f8       0x30 ./Drivers/STM32F4xx_HAL_Driver/stm32f4xx_hal_rcc_ex.o
                0x00000000080437f8                HAL_RCCEx_GetPeriphCLKConfig
 .text.HAL_RCCEx_GetPeriphCLKFreq
                0x0000000008043828       0x4c ./Drivers/STM32F4xx_HAL_Driver/stm32f4xx_hal_rcc_ex.o
                0x0000000008043828                HAL_RCCEx_GetPeriphCLKFreq
 .text.SPI_WaitFlagStateUntilTimeout
                0x0000000008043874       0xb8 ./Drivers/STM32F4xx_HAL_Driver/stm32f4xx_hal_spi.o
 .text.SPI_EndRxTxTransaction
                0x000000000804392c       0x5c ./Drivers/STM32F4xx_HAL_Driver/stm32f4xx_hal_spi.o
 .text.HAL_SPI_MspInit
                0x0000000008043988        0x2 ./Drivers/STM32F4xx_HAL_Driver/stm32f4xx_hal_spi.o
                0x0000000008043988                HAL_SPI_MspInit
 .text.HAL_SPI_Init
                0x000000000804398a       0xc2 ./Drivers/STM32F4xx_HAL_Driver/stm32f4xx_hal_spi.o
                0x000000000804398a                HAL_SPI_Init
 .text.HAL_SPI_MspDeInit
                0x0000000008043a4c        0x2 ./Drivers/STM32F4xx_HAL_Driver/stm32f4xx_hal_spi.o
                0x0000000008043a4c                HAL_SPI_MspDeInit
 .text.HAL_SPI_DeInit
                0x0000000008043a4e       0x2c ./Drivers/STM32F4xx_HAL_Driver/stm32f4xx_hal_spi.o
                0x0000000008043a4e                HAL_SPI_DeInit
 .text.HAL_SPI_TransmitReceive
                0x0000000008043a7a      0x296 ./Drivers/STM32F4xx_HAL_Driver/stm32f4xx_hal_spi.o
                0x0000000008043a7a                HAL_SPI_TransmitReceive
 .text.HAL_SPI_GetState
                0x0000000008043d10        0x6 ./Drivers/STM32F4xx_HAL_Driver/stm32f4xx_hal_spi.o
                0x0000000008043d10                HAL_SPI_GetState
 *fill*         0x0000000008043d16        0x2 
 .text.Reset_Handler
                0x0000000008043d18       0x50 ./Example/SW4STM32/startup_stm32f407xx.o
                0x0000000008043d18                Reset_Handler
 .text.Default_Handler
                0x0000000008043d68        0x2 ./Example/SW4STM32/startup_stm32f407xx.o
                0x0000000008043d68                RTC_Alarm_IRQHandler
                0x0000000008043d68                HASH_RNG_IRQHandler
                0x0000000008043d68                EXTI2_IRQHandler
                0x0000000008043d68                TIM8_CC_IRQHandler
                0x0000000008043d68                TIM1_CC_IRQHandler
                0x0000000008043d68                DMA2_Stream5_IRQHandler
                0x0000000008043d68                DMA1_Stream5_IRQHandler
                0x0000000008043d68                PVD_IRQHandler
                0x0000000008043d68                SDIO_IRQHandler
                0x0000000008043d68                TAMP_STAMP_IRQHandler
                0x0000000008043d68                CAN2_RX1_IRQHandler
                0x0000000008043d68                EXTI3_IRQHandler
                0x0000000008043d68                TIM8_TRG_COM_TIM14_IRQHandler
                0x0000000008043d68                TIM1_UP_TIM10_IRQHandler
                0x0000000008043d68                TIM8_UP_TIM13_IRQHandler
                0x0000000008043d68                I2C3_ER_IRQHandler
                0x0000000008043d68                I2C2_EV_IRQHandler
                0x0000000008043d68                DMA1_Stream2_IRQHandler
                0x0000000008043d68                CAN1_RX0_IRQHandler
                0x0000000008043d68                FPU_IRQHandler
                0x0000000008043d68                OTG_HS_WKUP_IRQHandler
                0x0000000008043d68                CAN2_SCE_IRQHandler
                0x0000000008043d68                DMA2_Stream2_IRQHandler
                0x0000000008043d68                SPI1_IRQHandler
                0x0000000008043d68                TIM6_DAC_IRQHandler
                0x0000000008043d68                TIM1_BRK_TIM9_IRQHandler
                0x0000000008043d68                DCMI_IRQHandler
                0x0000000008043d68                CAN2_RX0_IRQHandler
                0x0000000008043d68                DMA2_Stream3_IRQHandler
                0x0000000008043d68                USART6_IRQHandler
                0x0000000008043d68                USART3_IRQHandler
                0x0000000008043d68                CAN1_RX1_IRQHandler
                0x0000000008043d68                UART5_IRQHandler
                0x0000000008043d68                DMA2_Stream0_IRQHandler
                0x0000000008043d68                TIM4_IRQHandler
                0x0000000008043d68                I2C1_EV_IRQHandler
                0x0000000008043d68                DMA1_Stream6_IRQHandler
                0x0000000008043d68                DMA1_Stream1_IRQHandler
                0x0000000008043d68                UART4_IRQHandler
                0x0000000008043d68                TIM3_IRQHandler
                0x0000000008043d68                RCC_IRQHandler
                0x0000000008043d68                TIM8_BRK_TIM12_IRQHandler
                0x0000000008043d68                Default_Handler
                0x0000000008043d68                EXTI15_10_IRQHandler
                0x0000000008043d68                ADC_IRQHandler
                0x0000000008043d68                TIM7_IRQHandler
                0x0000000008043d68                CAN2_TX_IRQHandler
                0x0000000008043d68                TIM5_IRQHandler
                0x0000000008043d68                DMA2_Stream7_IRQHandler
                0x0000000008043d68                I2C3_EV_IRQHandler
                0x0000000008043d68                EXTI9_5_IRQHandler
                0x0000000008043d68                RTC_WKUP_IRQHandler
                0x0000000008043d68                ETH_WKUP_IRQHandler
                0x0000000008043d68                SPI2_IRQHandler
                0x0000000008043d68                OTG_HS_EP1_IN_IRQHandler
                0x0000000008043d68                DMA1_Stream0_IRQHandler
                0x0000000008043d68                CAN1_TX_IRQHandler
                0x0000000008043d68                EXTI4_IRQHandler
                0x0000000008043d68                FSMC_IRQHandler
                0x0000000008043d68                ETH_IRQHandler
                0x0000000008043d68                OTG_HS_EP1_OUT_IRQHandler
                0x0000000008043d68                WWDG_IRQHandler
                0x0000000008043d68                TIM2_IRQHandler
                0x0000000008043d68                OTG_FS_WKUP_IRQHandler
                0x0000000008043d68                TIM1_TRG_COM_TIM11_IRQHandler
                0x0000000008043d68                OTG_HS_IRQHandler
                0x0000000008043d68                USART2_IRQHandler
                0x0000000008043d68                I2C2_ER_IRQHandler
                0x0000000008043d68                DMA2_Stream1_IRQHandler
                0x0000000008043d68                CAN1_SCE_IRQHandler
                0x0000000008043d68                FLASH_IRQHandler
                0x0000000008043d68                DMA2_Stream4_IRQHandler
                0x0000000008043d68                USART1_IRQHandler
                0x0000000008043d68                OTG_FS_IRQHandler
                0x0000000008043d68                SPI3_IRQHandler
                0x0000000008043d68                DMA1_Stream4_IRQHandler
                0x0000000008043d68                I2C1_ER_IRQHandler
                0x0000000008043d68                DMA2_Stream6_IRQHandler
 *fill*         0x0000000008043d6a        0x2 
 .text.AudioPlay_Test
                0x0000000008043d6c       0xd8 ./Example/User/audio_play.o
                0x0000000008043d6c                AudioPlay_Test
 .text.BSP_AUDIO_OUT_TransferComplete_CallBack
                0x0000000008043e44       0xa8 ./Example/User/audio_play.o
                0x0000000008043e44                BSP_AUDIO_OUT_TransferComplete_CallBack
 .text.BSP_AUDIO_OUT_Error_CallBack
                0x0000000008043eec        0x4 ./Example/User/audio_play.o
                0x0000000008043eec                BSP_AUDIO_OUT_Error_CallBack
 .text.AudioRecord_Test
                0x0000000008043ef0      0x1a4 ./Example/User/audio_record.o
                0x0000000008043ef0                AudioRecord_Test
 .text.BSP_AUDIO_IN_TransferComplete_CallBack
                0x0000000008044094        0xc ./Example/User/audio_record.o
                0x0000000008044094                BSP_AUDIO_IN_TransferComplete_CallBack
 .text.BSP_AUDIO_IN_HalfTransfer_CallBack
                0x00000000080440a0        0xc ./Example/User/audio_record.o
                0x00000000080440a0                BSP_AUDIO_IN_HalfTransfer_CallBack
 .text.BSP_AUDIO_IN_Error_Callback
                0x00000000080440ac        0x4 ./Example/User/audio_record.o
                0x00000000080440ac                BSP_AUDIO_IN_Error_Callback
 .text.HAL_GPIO_EXTI_Callback
                0x00000000080440b0       0x44 ./Example/User/main.o
                0x00000000080440b0                HAL_GPIO_EXTI_Callback
 .text.Toggle_Leds
                0x00000000080440f4       0x36 ./Example/User/main.o
                0x00000000080440f4                Toggle_Leds
 *fill*         0x000000000804412a        0x2 
 .text.startup.main
                0x000000000804412c      0x130 ./Example/User/main.o
                0x000000000804412c                main
 .text.Error_Handler
                0x000000000804425c        0xa ./Example/User/main.o
                0x000000000804425c                Error_Handler
 *fill*         0x0000000008044266        0x2 
 .text.ACCELERO_MEMS_Test
                0x0000000008044268       0xa8 ./Example/User/mems.o
                0x0000000008044268                ACCELERO_MEMS_Test
 .text.NMI_Handler
                0x0000000008044310        0x2 ./Example/User/stm32f4xx_it.o
                0x0000000008044310                NMI_Handler
 .text.HardFault_Handler
                0x0000000008044312        0x2 ./Example/User/stm32f4xx_it.o
                0x0000000008044312                HardFault_Handler
 .text.MemManage_Handler
                0x0000000008044314        0x2 ./Example/User/stm32f4xx_it.o
                0x0000000008044314                MemManage_Handler
 .text.BusFault_Handler
                0x0000000008044316        0x2 ./Example/User/stm32f4xx_it.o
                0x0000000008044316                BusFault_Handler
 .text.UsageFault_Handler
                0x0000000008044318        0x2 ./Example/User/stm32f4xx_it.o
                0x0000000008044318                UsageFault_Handler
 .text.SVC_Handler
                0x000000000804431a        0x2 ./Example/User/stm32f4xx_it.o
                0x000000000804431a                SVC_Handler
 .text.DebugMon_Handler
                0x000000000804431c        0x2 ./Example/User/stm32f4xx_it.o
                0x000000000804431c                DebugMon_Handler
 .text.PendSV_Handler
                0x000000000804431e        0x2 ./Example/User/stm32f4xx_it.o
                0x000000000804431e                PendSV_Handler
 .text.SysTick_Handler
                0x0000000008044320        0x4 ./Example/User/stm32f4xx_it.o
                0x0000000008044320                SysTick_Handler
 .text.EXTI0_IRQHandler
                0x0000000008044324        0x6 ./Example/User/stm32f4xx_it.o
                0x0000000008044324                EXTI0_IRQHandler
 .text.EXTI1_IRQHandler
                0x000000000804432a        0x6 ./Example/User/stm32f4xx_it.o
                0x000000000804432a                EXTI1_IRQHandler
 .text.DMA1_Stream7_IRQHandler
                0x0000000008044330        0xc ./Example/User/stm32f4xx_it.o
                0x0000000008044330                DMA1_Stream7_IRQHandler
 .text.DMA1_Stream3_IRQHandler
                0x000000000804433c        0xc ./Example/User/stm32f4xx_it.o
                0x000000000804433c                DMA1_Stream3_IRQHandler
 .text.D16_GENERIC
                0x0000000008044348      0x120 ../../../Middlewares/ST/STM32_Audio/Addons/PDM/Lib\libPDMFilter_CM4_GCC_wc32.a(pdm_filter.o)
 .text.D24_GENERIC
                0x0000000008044468      0x190 ../../../Middlewares/ST/STM32_Audio/Addons/PDM/Lib\libPDMFilter_CM4_GCC_wc32.a(pdm_filter.o)
 .text.D32_GENERIC
                0x00000000080445f8      0x198 ../../../Middlewares/ST/STM32_Audio/Addons/PDM/Lib\libPDMFilter_CM4_GCC_wc32.a(pdm_filter.o)
 .text.D48_GENERIC
                0x0000000008044790      0x1ec ../../../Middlewares/ST/STM32_Audio/Addons/PDM/Lib\libPDMFilter_CM4_GCC_wc32.a(pdm_filter.o)
 .text.D64_GENERIC
                0x000000000804497c      0x220 ../../../Middlewares/ST/STM32_Audio/Addons/PDM/Lib\libPDMFilter_CM4_GCC_wc32.a(pdm_filter.o)
 .text.D80_GENERIC
                0x0000000008044b9c      0x2a0 ../../../Middlewares/ST/STM32_Audio/Addons/PDM/Lib\libPDMFilter_CM4_GCC_wc32.a(pdm_filter.o)
 .text.D128_GENERIC
                0x0000000008044e3c      0x3f0 ../../../Middlewares/ST/STM32_Audio/Addons/PDM/Lib\libPDMFilter_CM4_GCC_wc32.a(pdm_filter.o)
 .text.D16_1CH_HTONS_VOL_HP
                0x000000000804522c       0xe4 ../../../Middlewares/ST/STM32_Audio/Addons/PDM/Lib\libPDMFilter_CM4_GCC_wc32.a(pdm_filter.o)
 .text.D24_1CH_HTONS_VOL_HP
                0x0000000008045310      0x138 ../../../Middlewares/ST/STM32_Audio/Addons/PDM/Lib\libPDMFilter_CM4_GCC_wc32.a(pdm_filter.o)
 .text.D32_1CH_HTONS_VOL_HP
                0x0000000008045448      0x144 ../../../Middlewares/ST/STM32_Audio/Addons/PDM/Lib\libPDMFilter_CM4_GCC_wc32.a(pdm_filter.o)
 .text.D48_1CH_HTONS_VOL_HP
                0x000000000804558c      0x16c ../../../Middlewares/ST/STM32_Audio/Addons/PDM/Lib\libPDMFilter_CM4_GCC_wc32.a(pdm_filter.o)
 .text.D64_1CH_HTONS_VOL_HP
                0x00000000080456f8      0x1b8 ../../../Middlewares/ST/STM32_Audio/Addons/PDM/Lib\libPDMFilter_CM4_GCC_wc32.a(pdm_filter.o)
 .text.D80_1CH_HTONS_VOL_HP
                0x00000000080458b0      0x214 ../../../Middlewares/ST/STM32_Audio/Addons/PDM/Lib\libPDMFilter_CM4_GCC_wc32.a(pdm_filter.o)
 .text.D128_1CH_HTONS_VOL_HP
                0x0000000008045ac4      0x324 ../../../Middlewares/ST/STM32_Audio/Addons/PDM/Lib\libPDMFilter_CM4_GCC_wc32.a(pdm_filter.o)
 .text.PDM_Filter_Init
                0x0000000008045de8      0x114 ../../../Middlewares/ST/STM32_Audio/Addons/PDM/Lib\libPDMFilter_CM4_GCC_wc32.a(pdm_filter.o)
                0x0000000008045de8                PDM_Filter_Init
 .text.PDM_Filter_setConfig
                0x0000000008045efc      0x1e4 ../../../Middlewares/ST/STM32_Audio/Addons/PDM/Lib\libPDMFilter_CM4_GCC_wc32.a(pdm_filter.o)
                0x0000000008045efc                PDM_Filter_setConfig
 .text.PDM_Filter
                0x00000000080460e0       0x38 ../../../Middlewares/ST/STM32_Audio/Addons/PDM/Lib\libPDMFilter_CM4_GCC_wc32.a(pdm_filter.o)
                0x00000000080460e0                PDM_Filter
 .text.CRC_Lock
                0x0000000008046118       0x7c ../../../Middlewares/ST/STM32_Audio/Addons/PDM/Lib\libPDMFilter_CM4_GCC_wc32.a(stm32_crc_lock.o)
                0x0000000008046118                CRC_Lock
 .text.__errno  0x0000000008046194        0xc c:/st/stm32cubeide_1.10.1/stm32cubeide/plugins/com.st.stm32cube.ide.mcu.externaltools.gnu-tools-for-stm32.10.3-2021.10.win32_1.0.0.202111181127/tools/bin/../lib/gcc/arm-none-eabi/10.3.1/../../../../arm-none-eabi/lib/thumb/v7e-m+fp/hard\libc_nano.a(lib_a-errno.o)
                0x0000000008046194                __errno
 .text.__libc_init_array
                0x00000000080461a0       0x48 c:/st/stm32cubeide_1.10.1/stm32cubeide/plugins/com.st.stm32cube.ide.mcu.externaltools.gnu-tools-for-stm32.10.3-2021.10.win32_1.0.0.202111181127/tools/bin/../lib/gcc/arm-none-eabi/10.3.1/../../../../arm-none-eabi/lib/thumb/v7e-m+fp/hard\libc_nano.a(lib_a-init.o)
                0x00000000080461a0                __libc_init_array
 .text.memset   0x00000000080461e8       0x10 c:/st/stm32cubeide_1.10.1/stm32cubeide/plugins/com.st.stm32cube.ide.mcu.externaltools.gnu-tools-for-stm32.10.3-2021.10.win32_1.0.0.202111181127/tools/bin/../lib/gcc/arm-none-eabi/10.3.1/../../../../arm-none-eabi/lib/thumb/v7e-m+fp/hard\libc_nano.a(lib_a-memset.o)
                0x00000000080461e8                memset
 .text.roundf   0x00000000080461f8       0x48 c:/st/stm32cubeide_1.10.1/stm32cubeide/plugins/com.st.stm32cube.ide.mcu.externaltools.gnu-tools-for-stm32.10.3-2021.10.win32_1.0.0.202111181127/tools/bin/../lib/gcc/arm-none-eabi/10.3.1/../../../../arm-none-eabi/lib/thumb/v7e-m+fp/hard\libm.a(lib_a-sf_round.o)
                0x00000000080461f8                roundf
 .text.powf     0x0000000008046240       0xae c:/st/stm32cubeide_1.10.1/stm32cubeide/plugins/com.st.stm32cube.ide.mcu.externaltools.gnu-tools-for-stm32.10.3-2021.10.win32_1.0.0.202111181127/tools/bin/../lib/gcc/arm-none-eabi/10.3.1/../../../../arm-none-eabi/lib/thumb/v7e-m+fp/hard\libm.a(lib_a-wf_pow.o)
                0x0000000008046240                powf
 *fill*         0x00000000080462ee        0x2 
 .text.__ieee754_powf
                0x00000000080462f0      0x59c c:/st/stm32cubeide_1.10.1/stm32cubeide/plugins/com.st.stm32cube.ide.mcu.externaltools.gnu-tools-for-stm32.10.3-2021.10.win32_1.0.0.202111181127/tools/bin/../lib/gcc/arm-none-eabi/10.3.1/../../../../arm-none-eabi/lib/thumb/v7e-m+fp/hard\libm.a(lib_a-ef_pow.o)
                0x00000000080462f0                __ieee754_powf
 .text.__ieee754_sqrtf
                0x000000000804688c        0x6 c:/st/stm32cubeide_1.10.1/stm32cubeide/plugins/com.st.stm32cube.ide.mcu.externaltools.gnu-tools-for-stm32.10.3-2021.10.win32_1.0.0.202111181127/tools/bin/../lib/gcc/arm-none-eabi/10.3.1/../../../../arm-none-eabi/lib/thumb/v7e-m+fp/hard\libm.a(lib_a-ef_sqrt.o)
                0x000000000804688c                __ieee754_sqrtf
 .text.with_errnof
                0x0000000008046892       0x16 c:/st/stm32cubeide_1.10.1/stm32cubeide/plugins/com.st.stm32cube.ide.mcu.externaltools.gnu-tools-for-stm32.10.3-2021.10.win32_1.0.0.202111181127/tools/bin/../lib/gcc/arm-none-eabi/10.3.1/../../../../arm-none-eabi/lib/thumb/v7e-m+fp/hard\libm.a(lib_a-math_errf.o)
 .text.xflowf   0x00000000080468a8       0x16 c:/st/stm32cubeide_1.10.1/stm32cubeide/plugins/com.st.stm32cube.ide.mcu.externaltools.gnu-tools-for-stm32.10.3-2021.10.win32_1.0.0.202111181127/tools/bin/../lib/gcc/arm-none-eabi/10.3.1/../../../../arm-none-eabi/lib/thumb/v7e-m+fp/hard\libm.a(lib_a-math_errf.o)
 *fill*         0x00000000080468be        0x2 
 .text.__math_uflowf
                0x00000000080468c0        0xc c:/st/stm32cubeide_1.10.1/stm32cubeide/plugins/com.st.stm32cube.ide.mcu.externaltools.gnu-tools-for-stm32.10.3-2021.10.win32_1.0.0.202111181127/tools/bin/../lib/gcc/arm-none-eabi/10.3.1/../../../../arm-none-eabi/lib/thumb/v7e-m+fp/hard\libm.a(lib_a-math_errf.o)
                0x00000000080468c0                __math_uflowf
 .text.__math_oflowf
                0x00000000080468cc        0xc c:/st/stm32cubeide_1.10.1/stm32cubeide/plugins/com.st.stm32cube.ide.mcu.externaltools.gnu-tools-for-stm32.10.3-2021.10.win32_1.0.0.202111181127/tools/bin/../lib/gcc/arm-none-eabi/10.3.1/../../../../arm-none-eabi/lib/thumb/v7e-m+fp/hard\libm.a(lib_a-math_errf.o)
                0x00000000080468cc                __math_oflowf
 .text.fabsf    0x00000000080468d8        0xe c:/st/stm32cubeide_1.10.1/stm32cubeide/plugins/com.st.stm32cube.ide.mcu.externaltools.gnu-tools-for-stm32.10.3-2021.10.win32_1.0.0.202111181127/tools/bin/../lib/gcc/arm-none-eabi/10.3.1/../../../../arm-none-eabi/lib/thumb/v7e-m+fp/hard\libm.a(lib_a-sf_fabs.o)
                0x00000000080468d8                fabsf
 .text.finitef  0x00000000080468e6       0x1a c:/st/stm32cubeide_1.10.1/stm32cubeide/plugins/com.st.stm32cube.ide.mcu.externaltools.gnu-tools-for-stm32.10.3-2021.10.win32_1.0.0.202111181127/tools/bin/../lib/gcc/arm-none-eabi/10.3.1/../../../../arm-none-eabi/lib/thumb/v7e-m+fp/hard\libm.a(lib_a-sf_finite.o)
                0x00000000080468e6                finitef
 .text.scalbnf  0x0000000008046900       0xe4 c:/st/stm32cubeide_1.10.1/stm32cubeide/plugins/com.st.stm32cube.ide.mcu.externaltools.gnu-tools-for-stm32.10.3-2021.10.win32_1.0.0.202111181127/tools/bin/../lib/gcc/arm-none-eabi/10.3.1/../../../../arm-none-eabi/lib/thumb/v7e-m+fp/hard\libm.a(lib_a-sf_scalbn.o)
                0x0000000008046900                scalbnf
 *(.glue_7)
 .glue_7        0x00000000080469e4        0x0 linker stubs
 *(.glue_7t)
 .glue_7t       0x00000000080469e4        0x0 linker stubs
 *(.eh_frame)
 .eh_frame      0x00000000080469e4        0x0 c:/st/stm32cubeide_1.10.1/stm32cubeide/plugins/com.st.stm32cube.ide.mcu.externaltools.gnu-tools-for-stm32.10.3-2021.10.win32_1.0.0.202111181127/tools/bin/../lib/gcc/arm-none-eabi/10.3.1/thumb/v7e-m+fp/hard/crtbegin.o
 *(.init)
 .init          0x00000000080469e4        0x4 c:/st/stm32cubeide_1.10.1/stm32cubeide/plugins/com.st.stm32cube.ide.mcu.externaltools.gnu-tools-for-stm32.10.3-2021.10.win32_1.0.0.202111181127/tools/bin/../lib/gcc/arm-none-eabi/10.3.1/thumb/v7e-m+fp/hard/crti.o
                0x00000000080469e4                _init
 .init          0x00000000080469e8        0x8 c:/st/stm32cubeide_1.10.1/stm32cubeide/plugins/com.st.stm32cube.ide.mcu.externaltools.gnu-tools-for-stm32.10.3-2021.10.win32_1.0.0.202111181127/tools/bin/../lib/gcc/arm-none-eabi/10.3.1/thumb/v7e-m+fp/hard/crtn.o
 *(.fini)
 .fini          0x00000000080469f0        0x4 c:/st/stm32cubeide_1.10.1/stm32cubeide/plugins/com.st.stm32cube.ide.mcu.externaltools.gnu-tools-for-stm32.10.3-2021.10.win32_1.0.0.202111181127/tools/bin/../lib/gcc/arm-none-eabi/10.3.1/thumb/v7e-m+fp/hard/crti.o
                0x00000000080469f0                _fini
 .fini          0x00000000080469f4        0x8 c:/st/stm32cubeide_1.10.1/stm32cubeide/plugins/com.st.stm32cube.ide.mcu.externaltools.gnu-tools-for-stm32.10.3-2021.10.win32_1.0.0.202111181127/tools/bin/../lib/gcc/arm-none-eabi/10.3.1/thumb/v7e-m+fp/hard/crtn.o
                0x00000000080469fc                . = ALIGN (0x4)
                0x00000000080469fc                _etext = .

.vfp11_veneer   0x00000000080469fc        0x0
 .vfp11_veneer  0x00000000080469fc        0x0 linker stubs

.v4_bx          0x00000000080469fc        0x0
 .v4_bx         0x00000000080469fc        0x0 linker stubs

.iplt           0x00000000080469fc        0x0
 .iplt          0x00000000080469fc        0x0 c:/st/stm32cubeide_1.10.1/stm32cubeide/plugins/com.st.stm32cube.ide.mcu.externaltools.gnu-tools-for-stm32.10.3-2021.10.win32_1.0.0.202111181127/tools/bin/../lib/gcc/arm-none-eabi/10.3.1/thumb/v7e-m+fp/hard/crtbegin.o

.rodata         0x00000000080469fc      0x140
                0x00000000080469fc                . = ALIGN (0x4)
 *(.rodata)
 .rodata        0x00000000080469fc       0x64 ./Drivers/BSP/Components/lis3dsh.o
 .rodata        0x0000000008046a60        0xc ./Drivers/BSP/STM32F4-Discovery/stm32f4_discovery.o
                0x0000000008046a60                GPIO_PIN
                0x0000000008046a68                BUTTON_IRQn
                0x0000000008046a6a                BUTTON_PIN
 .rodata        0x0000000008046a6c       0x60 ./Drivers/BSP/STM32F4-Discovery/stm32f4_discovery_audio.o
                0x0000000008046a6c                I2SFreq
                0x0000000008046a8c                I2SPLLN
                0x0000000008046aac                I2SPLLR
 .rodata        0x0000000008046acc       0x18 ./Drivers/CMSIS/system_stm32f4xx.o
                0x0000000008046acc                AHBPrescTable
                0x0000000008046adc                APBPrescTable
 .rodata        0x0000000008046ae4        0x8 ./Drivers/STM32F4xx_HAL_Driver/stm32f4xx_hal_dma.o
 .rodata        0x0000000008046aec       0x38 ../../../Middlewares/ST/STM32_Audio/Addons/PDM/Lib\libPDMFilter_CM4_GCC_wc32.a(pdm_filter.o)
 *(.rodata*)
 .rodata.bp     0x0000000008046b24        0x8 c:/st/stm32cubeide_1.10.1/stm32cubeide/plugins/com.st.stm32cube.ide.mcu.externaltools.gnu-tools-for-stm32.10.3-2021.10.win32_1.0.0.202111181127/tools/bin/../lib/gcc/arm-none-eabi/10.3.1/../../../../arm-none-eabi/lib/thumb/v7e-m+fp/hard\libm.a(lib_a-ef_pow.o)
 .rodata.dp_h   0x0000000008046b2c        0x8 c:/st/stm32cubeide_1.10.1/stm32cubeide/plugins/com.st.stm32cube.ide.mcu.externaltools.gnu-tools-for-stm32.10.3-2021.10.win32_1.0.0.202111181127/tools/bin/../lib/gcc/arm-none-eabi/10.3.1/../../../../arm-none-eabi/lib/thumb/v7e-m+fp/hard\libm.a(lib_a-ef_pow.o)
 .rodata.dp_l   0x0000000008046b34        0x8 c:/st/stm32cubeide_1.10.1/stm32cubeide/plugins/com.st.stm32cube.ide.mcu.externaltools.gnu-tools-for-stm32.10.3-2021.10.win32_1.0.0.202111181127/tools/bin/../lib/gcc/arm-none-eabi/10.3.1/../../../../arm-none-eabi/lib/thumb/v7e-m+fp/hard\libm.a(lib_a-ef_pow.o)
                0x0000000008046b3c                . = ALIGN (0x4)

.ARM.extab
 *(.ARM.extab* .gnu.linkonce.armextab.*)

.ARM            0x0000000008046b3c        0x8
                0x0000000008046b3c                __exidx_start = .
 *(.ARM.exidx*)
 .ARM.exidx     0x0000000008046b3c        0x8 c:/st/stm32cubeide_1.10.1/stm32cubeide/plugins/com.st.stm32cube.ide.mcu.externaltools.gnu-tools-for-stm32.10.3-2021.10.win32_1.0.0.202111181127/tools/bin/../lib/gcc/arm-none-eabi/10.3.1/thumb/v7e-m+fp/hard\libgcc.a(_udivmoddi4.o)
                0x0000000008046b44                __exidx_end = .

.rel.dyn        0x0000000008046b44        0x0
 .rel.iplt      0x0000000008046b44        0x0 c:/st/stm32cubeide_1.10.1/stm32cubeide/plugins/com.st.stm32cube.ide.mcu.externaltools.gnu-tools-for-stm32.10.3-2021.10.win32_1.0.0.202111181127/tools/bin/../lib/gcc/arm-none-eabi/10.3.1/thumb/v7e-m+fp/hard/crtbegin.o

.preinit_array  0x0000000008046b44        0x0
                0x0000000008046b44                PROVIDE (__preinit_array_start = .)
 *(.preinit_array*)
                0x0000000008046b44                PROVIDE (__preinit_array_end = .)

.init_array     0x0000000008046b44        0x4
                0x0000000008046b44                PROVIDE (__init_array_start = .)
 *(SORT_BY_NAME(.init_array.*))
 *(.init_array*)
 .init_array    0x0000000008046b44        0x4 c:/st/stm32cubeide_1.10.1/stm32cubeide/plugins/com.st.stm32cube.ide.mcu.externaltools.gnu-tools-for-stm32.10.3-2021.10.win32_1.0.0.202111181127/tools/bin/../lib/gcc/arm-none-eabi/10.3.1/thumb/v7e-m+fp/hard/crtbegin.o
                0x0000000008046b48                PROVIDE (__init_array_end = .)

.fini_array     0x0000000008046b48        0x4
                [!provide]                        PROVIDE (__fini_array_start = .)
 *(SORT_BY_NAME(.fini_array.*))
 *(.fini_array*)
 .fini_array    0x0000000008046b48        0x4 c:/st/stm32cubeide_1.10.1/stm32cubeide/plugins/com.st.stm32cube.ide.mcu.externaltools.gnu-tools-for-stm32.10.3-2021.10.win32_1.0.0.202111181127/tools/bin/../lib/gcc/arm-none-eabi/10.3.1/thumb/v7e-m+fp/hard/crtbegin.o
                [!provide]                        PROVIDE (__fini_array_end = .)
                0x0000000008046b4c                _sidata = LOADADDR (.data)

.data           0x0000000020000000      0x5ec load address 0x0000000008046b4c
                0x0000000020000000                . = ALIGN (0x4)
                0x0000000020000000                _sdata = .
 *(.data)
 .data          0x0000000020000000       0x34 ./Drivers/BSP/Components/cs43l22.o
                0x0000000020000004                cs43l22_drv
 .data          0x0000000020000034       0x34 ./Drivers/BSP/Components/lis302dl.o
                0x0000000020000034                Lis302dlDrv
 .data          0x0000000020000068       0x34 ./Drivers/BSP/Components/lis3dsh.o
                0x0000000020000068                Lis3dshDrv
 .data          0x000000002000009c       0x1c ./Drivers/BSP/STM32F4-Discovery/stm32f4_discovery.o
                0x000000002000009c                SpixTimeout
                0x00000000200000a0                GPIO_PORT
                0x00000000200000b0                BUTTON_PORT
                0x00000000200000b4                I2cxTimeout
 .data          0x00000000200000b8        0x4 ./Drivers/CMSIS/system_stm32f4xx.o
                0x00000000200000b8                SystemCoreClock
 .data          0x00000000200000bc        0x8 ./Drivers/STM32F4xx_HAL_Driver/stm32f4xx_hal.o
                0x00000000200000bc                uwTickFreq
                0x00000000200000c0                uwTickPrio
 .data          0x00000000200000c4        0x8 ./Example/User/audio_play.o
                0x00000000200000c4                AudioTotalSize
                0x00000000200000c8                AudioRemSize
 .data          0x00000000200000cc       0xb8 ./Example/User/main.o
                0x00000000200000cc                PauseResumeStatus
                0x00000000200000d0                BSP_examples
 .data          0x0000000020000184        0x4 ./Example/User/mems.o
                0x0000000020000184                ThresholdHigh
                0x0000000020000186                ThresholdLow
 .data          0x0000000020000188      0x400 ../../../Middlewares/ST/STM32_Audio/Addons/PDM/Lib\libPDMFilter_CM4_GCC_wc32.a(pdm_filter.o)
 *(.data*)
 .data._impure_ptr
                0x0000000020000588        0x4 c:/st/stm32cubeide_1.10.1/stm32cubeide/plugins/com.st.stm32cube.ide.mcu.externaltools.gnu-tools-for-stm32.10.3-2021.10.win32_1.0.0.202111181127/tools/bin/../lib/gcc/arm-none-eabi/10.3.1/../../../../arm-none-eabi/lib/thumb/v7e-m+fp/hard\libc_nano.a(lib_a-impure.o)
                0x0000000020000588                _impure_ptr
 .data.impure_data
                0x000000002000058c       0x60 c:/st/stm32cubeide_1.10.1/stm32cubeide/plugins/com.st.stm32cube.ide.mcu.externaltools.gnu-tools-for-stm32.10.3-2021.10.win32_1.0.0.202111181127/tools/bin/../lib/gcc/arm-none-eabi/10.3.1/../../../../arm-none-eabi/lib/thumb/v7e-m+fp/hard\libc_nano.a(lib_a-impure.o)
                0x00000000200005ec                . = ALIGN (0x4)
                0x00000000200005ec                _edata = .
                0x0000000008047138                _siccmram = LOADADDR (.ccmram)

.igot.plt       0x00000000200005ec        0x0 load address 0x0000000008047138
 .igot.plt      0x00000000200005ec        0x0 c:/st/stm32cubeide_1.10.1/stm32cubeide/plugins/com.st.stm32cube.ide.mcu.externaltools.gnu-tools-for-stm32.10.3-2021.10.win32_1.0.0.202111181127/tools/bin/../lib/gcc/arm-none-eabi/10.3.1/thumb/v7e-m+fp/hard/crtbegin.o

.ccmram         0x0000000010000000        0x0 load address 0x0000000008047138
                0x0000000010000000                . = ALIGN (0x4)
                0x0000000010000000                _sccmram = .
 *(.ccmram)
 *(.ccmram*)
                0x0000000010000000                . = ALIGN (0x4)
                0x0000000010000000                _eccmram = .
                0x0000000010000000                . = ALIGN (0x4)

.bss            0x00000000200005ec     0xe464
                0x00000000200005ec                _sbss = .
                0x00000000200005ec                __bss_start__ = _sbss
 *(.bss)
 .bss           0x00000000200005ec       0x1c c:/st/stm32cubeide_1.10.1/stm32cubeide/plugins/com.st.stm32cube.ide.mcu.externaltools.gnu-tools-for-stm32.10.3-2021.10.win32_1.0.0.202111181127/tools/bin/../lib/gcc/arm-none-eabi/10.3.1/thumb/v7e-m+fp/hard/crtbegin.o
 .bss           0x0000000020000608        0x1 ./Drivers/BSP/Components/cs43l22.o
                0x0000000020000608                OutputDev
 *fill*         0x0000000020000609        0x3 
 .bss           0x000000002000060c       0xac ./Drivers/BSP/STM32F4-Discovery/stm32f4_discovery.o
 .bss           0x00000000200006b8        0x4 ./Drivers/BSP/STM32F4-Discovery/stm32f4_discovery_accelerometer.o
 .bss           0x00000000200006bc      0x1f8 ./Drivers/BSP/STM32F4-Discovery/stm32f4_discovery_audio.o
                0x00000000200006bc                hAudioOutI2s
                0x0000000020000768                hAudioInI2s
                0x00000000200007b0                PDM_FilterHandler
                0x00000000200008a8                PDM_FilterConfig
 .bss           0x00000000200008b4        0x4 ./Drivers/STM32F4xx_HAL_Driver/stm32f4xx_hal.o
                0x00000000200008b4                uwTick
 .bss           0x00000000200008b8        0xc ./Example/User/audio_play.o
                0x00000000200008b8                waveformat
                0x00000000200008bc                AudioTest
                0x00000000200008c0                CurrentPos
 .bss           0x00000000200008c4     0xe180 ./Example/User/audio_record.o
                0x00000000200008c4                BufferCtl
                0x00000000200009cc                AUDIODataReady
                0x0000000020000a10                ITCounter
                0x0000000020000a14                AUDIOBuffOffset
                0x0000000020000a18                WrBuffer
                0x000000002000ea18                pHeaderBuff
 .bss           0x000000002000ea44        0x9 ./Example/User/main.o
                0x000000002000ea44                UserPressButton
                0x000000002000ea48                PressCount
                0x000000002000ea4c                DemoIndex
 .bss           0x000000002000ea4d        0x1 ../../../Middlewares/ST/STM32_Audio/Addons/PDM/Lib\libPDMFilter_CM4_GCC_wc32.a(pdm_filter.o)
 *(.bss*)
 *(COMMON)
                0x000000002000ea50                . = ALIGN (0x4)
 *fill*         0x000000002000ea4e        0x2 
                0x000000002000ea50                _ebss = .
                0x000000002000ea50                __bss_end__ = _ebss

._user_heap_stack
                0x000000002000ea50      0x600
                0x000000002000ea50                . = ALIGN (0x4)
                0x000000002000ea50                PROVIDE (end = .)
                [!provide]                        PROVIDE (_end = .)
                0x000000002000ec50                . = (. + _Min_Heap_Size)
 *fill*         0x000000002000ea50      0x200 
                0x000000002000f050                . = (. + _Min_Stack_Size)
 *fill*         0x000000002000ec50      0x400 
                0x000000002000f050                . = ALIGN (0x4)

/DISCARD/
 libc.a(*)
 libm.a(*)
 libgcc.a(*)

.ARM.attributes
                0x0000000000000000       0x30
 *(.ARM.attributes)
 .ARM.attributes
                0x0000000000000000       0x1e c:/st/stm32cubeide_1.10.1/stm32cubeide/plugins/com.st.stm32cube.ide.mcu.externaltools.gnu-tools-for-stm32.10.3-2021.10.win32_1.0.0.202111181127/tools/bin/../lib/gcc/arm-none-eabi/10.3.1/thumb/v7e-m+fp/hard/crti.o
 .ARM.attributes
                0x000000000000001e       0x34 c:/st/stm32cubeide_1.10.1/stm32cubeide/plugins/com.st.stm32cube.ide.mcu.externaltools.gnu-tools-for-stm32.10.3-2021.10.win32_1.0.0.202111181127/tools/bin/../lib/gcc/arm-none-eabi/10.3.1/thumb/v7e-m+fp/hard/crtbegin.o
 .ARM.attributes
                0x0000000000000052       0x34 ./Drivers/BSP/Components/cs43l22.o
 .ARM.attributes
                0x0000000000000086       0x34 ./Drivers/BSP/Components/lis302dl.o
 .ARM.attributes
                0x00000000000000ba       0x34 ./Drivers/BSP/Components/lis3dsh.o
 .ARM.attributes
                0x00000000000000ee       0x34 ./Drivers/BSP/STM32F4-Discovery/stm32f4_discovery.o
 .ARM.attributes
                0x0000000000000122       0x34 ./Drivers/BSP/STM32F4-Discovery/stm32f4_discovery_accelerometer.o
 .ARM.attributes
                0x0000000000000156       0x34 ./Drivers/BSP/STM32F4-Discovery/stm32f4_discovery_audio.o
 .ARM.attributes
                0x000000000000018a       0x34 ./Drivers/CMSIS/system_stm32f4xx.o
 .ARM.attributes
                0x00000000000001be       0x34 ./Drivers/STM32F4xx_HAL_Driver/stm32f4xx_hal.o
 .ARM.attributes
                0x00000000000001f2       0x34 ./Drivers/STM32F4xx_HAL_Driver/stm32f4xx_hal_cortex.o
 .ARM.attributes
                0x0000000000000226       0x34 ./Drivers/STM32F4xx_HAL_Driver/stm32f4xx_hal_dma.o
 .ARM.attributes
                0x000000000000025a       0x34 ./Drivers/STM32F4xx_HAL_Driver/stm32f4xx_hal_gpio.o
 .ARM.attributes
                0x000000000000028e       0x34 ./Drivers/STM32F4xx_HAL_Driver/stm32f4xx_hal_i2c.o
 .ARM.attributes
                0x00000000000002c2       0x34 ./Drivers/STM32F4xx_HAL_Driver/stm32f4xx_hal_i2s.o
 .ARM.attributes
                0x00000000000002f6       0x34 ./Drivers/STM32F4xx_HAL_Driver/stm32f4xx_hal_i2s_ex.o
 .ARM.attributes
                0x000000000000032a       0x34 ./Drivers/STM32F4xx_HAL_Driver/stm32f4xx_hal_rcc.o
 .ARM.attributes
                0x000000000000035e       0x34 ./Drivers/STM32F4xx_HAL_Driver/stm32f4xx_hal_rcc_ex.o
 .ARM.attributes
                0x0000000000000392       0x34 ./Drivers/STM32F4xx_HAL_Driver/stm32f4xx_hal_spi.o
 .ARM.attributes
                0x00000000000003c6       0x21 ./Example/SW4STM32/startup_stm32f407xx.o
 .ARM.attributes
                0x00000000000003e7       0x34 ./Example/User/audio_play.o
 .ARM.attributes
                0x000000000000041b       0x34 ./Example/User/audio_record.o
 .ARM.attributes
                0x000000000000044f       0x34 ./Example/User/main.o
 .ARM.attributes
                0x0000000000000483       0x34 ./Example/User/mems.o
 .ARM.attributes
                0x00000000000004b7       0x34 ./Example/User/stm32f4xx_it.o
 .ARM.attributes
                0x00000000000004eb       0x39 ../../../Middlewares/ST/STM32_Audio/Addons/PDM/Lib\libPDMFilter_CM4_GCC_wc32.a(pdm_filter.o)
 .ARM.attributes
                0x0000000000000524       0x39 ../../../Middlewares/ST/STM32_Audio/Addons/PDM/Lib\libPDMFilter_CM4_GCC_wc32.a(stm32_crc_lock.o)
 .ARM.attributes
                0x000000000000055d       0x34 c:/st/stm32cubeide_1.10.1/stm32cubeide/plugins/com.st.stm32cube.ide.mcu.externaltools.gnu-tools-for-stm32.10.3-2021.10.win32_1.0.0.202111181127/tools/bin/../lib/gcc/arm-none-eabi/10.3.1/../../../../arm-none-eabi/lib/thumb/v7e-m+fp/hard\libc_nano.a(lib_a-errno.o)
 .ARM.attributes
                0x0000000000000591       0x34 c:/st/stm32cubeide_1.10.1/stm32cubeide/plugins/com.st.stm32cube.ide.mcu.externaltools.gnu-tools-for-stm32.10.3-2021.10.win32_1.0.0.202111181127/tools/bin/../lib/gcc/arm-none-eabi/10.3.1/../../../../arm-none-eabi/lib/thumb/v7e-m+fp/hard\libc_nano.a(lib_a-impure.o)
 .ARM.attributes
                0x00000000000005c5       0x34 c:/st/stm32cubeide_1.10.1/stm32cubeide/plugins/com.st.stm32cube.ide.mcu.externaltools.gnu-tools-for-stm32.10.3-2021.10.win32_1.0.0.202111181127/tools/bin/../lib/gcc/arm-none-eabi/10.3.1/../../../../arm-none-eabi/lib/thumb/v7e-m+fp/hard\libc_nano.a(lib_a-init.o)
 .ARM.attributes
                0x00000000000005f9       0x34 c:/st/stm32cubeide_1.10.1/stm32cubeide/plugins/com.st.stm32cube.ide.mcu.externaltools.gnu-tools-for-stm32.10.3-2021.10.win32_1.0.0.202111181127/tools/bin/../lib/gcc/arm-none-eabi/10.3.1/../../../../arm-none-eabi/lib/thumb/v7e-m+fp/hard\libc_nano.a(lib_a-memset.o)
 .ARM.attributes
                0x000000000000062d       0x34 c:/st/stm32cubeide_1.10.1/stm32cubeide/plugins/com.st.stm32cube.ide.mcu.externaltools.gnu-tools-for-stm32.10.3-2021.10.win32_1.0.0.202111181127/tools/bin/../lib/gcc/arm-none-eabi/10.3.1/../../../../arm-none-eabi/lib/thumb/v7e-m+fp/hard\libm.a(lib_a-sf_round.o)
 .ARM.attributes
                0x0000000000000661       0x34 c:/st/stm32cubeide_1.10.1/stm32cubeide/plugins/com.st.stm32cube.ide.mcu.externaltools.gnu-tools-for-stm32.10.3-2021.10.win32_1.0.0.202111181127/tools/bin/../lib/gcc/arm-none-eabi/10.3.1/../../../../arm-none-eabi/lib/thumb/v7e-m+fp/hard\libm.a(lib_a-wf_pow.o)
 .ARM.attributes
                0x0000000000000695       0x34 c:/st/stm32cubeide_1.10.1/stm32cubeide/plugins/com.st.stm32cube.ide.mcu.externaltools.gnu-tools-for-stm32.10.3-2021.10.win32_1.0.0.202111181127/tools/bin/../lib/gcc/arm-none-eabi/10.3.1/../../../../arm-none-eabi/lib/thumb/v7e-m+fp/hard\libm.a(lib_a-ef_pow.o)
 .ARM.attributes
                0x00000000000006c9       0x34 c:/st/stm32cubeide_1.10.1/stm32cubeide/plugins/com.st.stm32cube.ide.mcu.externaltools.gnu-tools-for-stm32.10.3-2021.10.win32_1.0.0.202111181127/tools/bin/../lib/gcc/arm-none-eabi/10.3.1/../../../../arm-none-eabi/lib/thumb/v7e-m+fp/hard\libm.a(lib_a-ef_sqrt.o)
 .ARM.attributes
                0x00000000000006fd       0x34 c:/st/stm32cubeide_1.10.1/stm32cubeide/plugins/com.st.stm32cube.ide.mcu.externaltools.gnu-tools-for-stm32.10.3-2021.10.win32_1.0.0.202111181127/tools/bin/../lib/gcc/arm-none-eabi/10.3.1/../../../../arm-none-eabi/lib/thumb/v7e-m+fp/hard\libm.a(lib_a-math_errf.o)
 .ARM.attributes
                0x0000000000000731       0x34 c:/st/stm32cubeide_1.10.1/stm32cubeide/plugins/com.st.stm32cube.ide.mcu.externaltools.gnu-tools-for-stm32.10.3-2021.10.win32_1.0.0.202111181127/tools/bin/../lib/gcc/arm-none-eabi/10.3.1/../../../../arm-none-eabi/lib/thumb/v7e-m+fp/hard\libm.a(lib_a-sf_fabs.o)
 .ARM.attributes
                0x0000000000000765       0x34 c:/st/stm32cubeide_1.10.1/stm32cubeide/plugins/com.st.stm32cube.ide.mcu.externaltools.gnu-tools-for-stm32.10.3-2021.10.win32_1.0.0.202111181127/tools/bin/../lib/gcc/arm-none-eabi/10.3.1/../../../../arm-none-eabi/lib/thumb/v7e-m+fp/hard\libm.a(lib_a-sf_finite.o)
 .ARM.attributes
                0x0000000000000799       0x34 c:/st/stm32cubeide_1.10.1/stm32cubeide/plugins/com.st.stm32cube.ide.mcu.externaltools.gnu-tools-for-stm32.10.3-2021.10.win32_1.0.0.202111181127/tools/bin/../lib/gcc/arm-none-eabi/10.3.1/../../../../arm-none-eabi/lib/thumb/v7e-m+fp/hard\libm.a(lib_a-sf_scalbn.o)
 .ARM.attributes
                0x00000000000007cd       0x1e c:/st/stm32cubeide_1.10.1/stm32cubeide/plugins/com.st.stm32cube.ide.mcu.externaltools.gnu-tools-for-stm32.10.3-2021.10.win32_1.0.0.202111181127/tools/bin/../lib/gcc/arm-none-eabi/10.3.1/thumb/v7e-m+fp/hard\libgcc.a(_aeabi_uldivmod.o)
 .ARM.attributes
                0x00000000000007eb       0x34 c:/st/stm32cubeide_1.10.1/stm32cubeide/plugins/com.st.stm32cube.ide.mcu.externaltools.gnu-tools-for-stm32.10.3-2021.10.win32_1.0.0.202111181127/tools/bin/../lib/gcc/arm-none-eabi/10.3.1/thumb/v7e-m+fp/hard\libgcc.a(_udivmoddi4.o)
 .ARM.attributes
                0x000000000000081f       0x1e c:/st/stm32cubeide_1.10.1/stm32cubeide/plugins/com.st.stm32cube.ide.mcu.externaltools.gnu-tools-for-stm32.10.3-2021.10.win32_1.0.0.202111181127/tools/bin/../lib/gcc/arm-none-eabi/10.3.1/thumb/v7e-m+fp/hard\libgcc.a(_dvmd_tls.o)
 .ARM.attributes
                0x000000000000083d       0x1e c:/st/stm32cubeide_1.10.1/stm32cubeide/plugins/com.st.stm32cube.ide.mcu.externaltools.gnu-tools-for-stm32.10.3-2021.10.win32_1.0.0.202111181127/tools/bin/../lib/gcc/arm-none-eabi/10.3.1/thumb/v7e-m+fp/hard/crtn.o
OUTPUT(STM32F4-Discovery.elf elf32-littlearm)
LOAD linker stubs
LOAD c:/st/stm32cubeide_1.10.1/stm32cubeide/plugins/com.st.stm32cube.ide.mcu.externaltools.gnu-tools-for-stm32.10.3-2021.10.win32_1.0.0.202111181127/tools/bin/../lib/gcc/arm-none-eabi/10.3.1/../../../../arm-none-eabi/lib/thumb/v7e-m+fp/hard\libc.a
LOAD c:/st/stm32cubeide_1.10.1/stm32cubeide/plugins/com.st.stm32cube.ide.mcu.externaltools.gnu-tools-for-stm32.10.3-2021.10.win32_1.0.0.202111181127/tools/bin/../lib/gcc/arm-none-eabi/10.3.1/../../../../arm-none-eabi/lib/thumb/v7e-m+fp/hard\libm.a
LOAD c:/st/stm32cubeide_1.10.1/stm32cubeide/plugins/com.st.stm32cube.ide.mcu.externaltools.gnu-tools-for-stm32.10.3-2021.10.win32_1.0.0.202111181127/tools/bin/../lib/gcc/arm-none-eabi/10.3.1/thumb/v7e-m+fp/hard\libgcc.a

.debug_info     0x0000000000000000    0x145ee
 .debug_info    0x0000000000000000     0x14c5 ./Drivers/BSP/Components/cs43l22.o
 .debug_info    0x00000000000014c5      0x8ab ./Drivers/BSP/Components/lis302dl.o
 .debug_info    0x0000000000001d70      0x929 ./Drivers/BSP/Components/lis3dsh.o
 .debug_info    0x0000000000002699     0x1ce4 ./Drivers/BSP/STM32F4-Discovery/stm32f4_discovery.o
 .debug_info    0x000000000000437d      0x47f ./Drivers/BSP/STM32F4-Discovery/stm32f4_discovery_accelerometer.o
 .debug_info    0x00000000000047fc     0x1f93 ./Drivers/BSP/STM32F4-Discovery/stm32f4_discovery_audio.o
 .debug_info    0x000000000000678f      0x53c ./Drivers/CMSIS/system_stm32f4xx.o
 .debug_info    0x0000000000006ccb      0xa50 ./Drivers/STM32F4xx_HAL_Driver/stm32f4xx_hal.o
 .debug_info    0x000000000000771b     0x108c ./Drivers/STM32F4xx_HAL_Driver/stm32f4xx_hal_cortex.o
 .debug_info    0x00000000000087a7      0xb48 ./Drivers/STM32F4xx_HAL_Driver/stm32f4xx_hal_dma.o
 .debug_info    0x00000000000092ef      0x7b0 ./Drivers/STM32F4xx_HAL_Driver/stm32f4xx_hal_gpio.o
 .debug_info    0x0000000000009a9f     0x3997 ./Drivers/STM32F4xx_HAL_Driver/stm32f4xx_hal_i2c.o
 .debug_info    0x000000000000d436     0x11dd ./Drivers/STM32F4xx_HAL_Driver/stm32f4xx_hal_i2s.o
 .debug_info    0x000000000000e613      0xe91 ./Drivers/STM32F4xx_HAL_Driver/stm32f4xx_hal_i2s_ex.o
 .debug_info    0x000000000000f4a4      0xb93 ./Drivers/STM32F4xx_HAL_Driver/stm32f4xx_hal_rcc.o
 .debug_info    0x0000000000010037      0x68a ./Drivers/STM32F4xx_HAL_Driver/stm32f4xx_hal_rcc_ex.o
 .debug_info    0x00000000000106c1     0x2171 ./Drivers/STM32F4xx_HAL_Driver/stm32f4xx_hal_spi.o
 .debug_info    0x0000000000012832       0x22 ./Example/SW4STM32/startup_stm32f407xx.o
 .debug_info    0x0000000000012854      0x4a2 ./Example/User/audio_play.o
 .debug_info    0x0000000000012cf6      0x50e ./Example/User/audio_record.o
 .debug_info    0x0000000000013204      0xa20 ./Example/User/main.o
 .debug_info    0x0000000000013c24      0x2d2 ./Example/User/mems.o
 .debug_info    0x0000000000013ef6      0x6f8 ./Example/User/stm32f4xx_it.o

.debug_abbrev   0x0000000000000000     0x3a35
 .debug_abbrev  0x0000000000000000      0x39d ./Drivers/BSP/Components/cs43l22.o
 .debug_abbrev  0x000000000000039d      0x237 ./Drivers/BSP/Components/lis302dl.o
 .debug_abbrev  0x00000000000005d4      0x228 ./Drivers/BSP/Components/lis3dsh.o
 .debug_abbrev  0x00000000000007fc      0x44a ./Drivers/BSP/STM32F4-Discovery/stm32f4_discovery.o
 .debug_abbrev  0x0000000000000c46      0x196 ./Drivers/BSP/STM32F4-Discovery/stm32f4_discovery_accelerometer.o
 .debug_abbrev  0x0000000000000ddc      0x423 ./Drivers/BSP/STM32F4-Discovery/stm32f4_discovery_audio.o
 .debug_abbrev  0x00000000000011ff      0x11c ./Drivers/CMSIS/system_stm32f4xx.o
 .debug_abbrev  0x000000000000131b      0x289 ./Drivers/STM32F4xx_HAL_Driver/stm32f4xx_hal.o
 .debug_abbrev  0x00000000000015a4      0x372 ./Drivers/STM32F4xx_HAL_Driver/stm32f4xx_hal_cortex.o
 .debug_abbrev  0x0000000000001916      0x343 ./Drivers/STM32F4xx_HAL_Driver/stm32f4xx_hal_dma.o
 .debug_abbrev  0x0000000000001c59      0x1f0 ./Drivers/STM32F4xx_HAL_Driver/stm32f4xx_hal_gpio.o
 .debug_abbrev  0x0000000000001e49      0x429 ./Drivers/STM32F4xx_HAL_Driver/stm32f4xx_hal_i2c.o
 .debug_abbrev  0x0000000000002272      0x2c4 ./Drivers/STM32F4xx_HAL_Driver/stm32f4xx_hal_i2s.o
 .debug_abbrev  0x0000000000002536      0x366 ./Drivers/STM32F4xx_HAL_Driver/stm32f4xx_hal_i2s_ex.o
 .debug_abbrev  0x000000000000289c      0x344 ./Drivers/STM32F4xx_HAL_Driver/stm32f4xx_hal_rcc.o
 .debug_abbrev  0x0000000000002be0      0x1bd ./Drivers/STM32F4xx_HAL_Driver/stm32f4xx_hal_rcc_ex.o
 .debug_abbrev  0x0000000000002d9d      0x364 ./Drivers/STM32F4xx_HAL_Driver/stm32f4xx_hal_spi.o
 .debug_abbrev  0x0000000000003101       0x12 ./Example/SW4STM32/startup_stm32f407xx.o
 .debug_abbrev  0x0000000000003113      0x1a8 ./Example/User/audio_play.o
 .debug_abbrev  0x00000000000032bb      0x1ce ./Example/User/audio_record.o
 .debug_abbrev  0x0000000000003489      0x25e ./Example/User/main.o
 .debug_abbrev  0x00000000000036e7      0x17c ./Example/User/mems.o
 .debug_abbrev  0x0000000000003863      0x1d2 ./Example/User/stm32f4xx_it.o

.debug_loc      0x0000000000000000     0xa940
 .debug_loc     0x0000000000000000      0xe7f ./Drivers/BSP/Components/cs43l22.o
 .debug_loc     0x0000000000000e7f      0x18b ./Drivers/BSP/Components/lis302dl.o
 .debug_loc     0x000000000000100a      0x217 ./Drivers/BSP/Components/lis3dsh.o
 .debug_loc     0x0000000000001221      0x485 ./Drivers/BSP/STM32F4-Discovery/stm32f4_discovery.o
 .debug_loc     0x00000000000016a6      0x2dd ./Drivers/BSP/STM32F4-Discovery/stm32f4_discovery_accelerometer.o
 .debug_loc     0x0000000000001983      0x8e2 ./Drivers/BSP/STM32F4-Discovery/stm32f4_discovery_audio.o
 .debug_loc     0x0000000000002265      0x118 ./Drivers/CMSIS/system_stm32f4xx.o
 .debug_loc     0x000000000000237d      0x139 ./Drivers/STM32F4xx_HAL_Driver/stm32f4xx_hal.o
 .debug_loc     0x00000000000024b6      0x5d3 ./Drivers/STM32F4xx_HAL_Driver/stm32f4xx_hal_cortex.o
 .debug_loc     0x0000000000002a89      0x8ca ./Drivers/STM32F4xx_HAL_Driver/stm32f4xx_hal_dma.o
 .debug_loc     0x0000000000003353      0x422 ./Drivers/STM32F4xx_HAL_Driver/stm32f4xx_hal_gpio.o
 .debug_loc     0x0000000000003775     0x38a4 ./Drivers/STM32F4xx_HAL_Driver/stm32f4xx_hal_i2c.o
 .debug_loc     0x0000000000007019      0xbcf ./Drivers/STM32F4xx_HAL_Driver/stm32f4xx_hal_i2s.o
 .debug_loc     0x0000000000007be8      0x7aa ./Drivers/STM32F4xx_HAL_Driver/stm32f4xx_hal_i2s_ex.o
 .debug_loc     0x0000000000008392      0x4af ./Drivers/STM32F4xx_HAL_Driver/stm32f4xx_hal_rcc.o
 .debug_loc     0x0000000000008841      0x3d3 ./Drivers/STM32F4xx_HAL_Driver/stm32f4xx_hal_rcc_ex.o
 .debug_loc     0x0000000000008c14     0x1c22 ./Drivers/STM32F4xx_HAL_Driver/stm32f4xx_hal_spi.o
 .debug_loc     0x000000000000a836       0x3e ./Example/User/audio_play.o
 .debug_loc     0x000000000000a874       0x42 ./Example/User/main.o
 .debug_loc     0x000000000000a8b6       0x8a ./Example/User/mems.o

.debug_aranges  0x0000000000000000      0xc90
 .debug_aranges
                0x0000000000000000       0x80 ./Drivers/BSP/Components/cs43l22.o
 .debug_aranges
                0x0000000000000080       0x78 ./Drivers/BSP/Components/lis302dl.o
 .debug_aranges
                0x00000000000000f8       0x68 ./Drivers/BSP/Components/lis3dsh.o
 .debug_aranges
                0x0000000000000160       0xa8 ./Drivers/BSP/STM32F4-Discovery/stm32f4_discovery.o
 .debug_aranges
                0x0000000000000208       0x48 ./Drivers/BSP/STM32F4-Discovery/stm32f4_discovery_accelerometer.o
 .debug_aranges
                0x0000000000000250      0x108 ./Drivers/BSP/STM32F4-Discovery/stm32f4_discovery_audio.o
 .debug_aranges
                0x0000000000000358       0x28 ./Drivers/CMSIS/system_stm32f4xx.o
 .debug_aranges
                0x0000000000000380       0xe8 ./Drivers/STM32F4xx_HAL_Driver/stm32f4xx_hal.o
 .debug_aranges
                0x0000000000000468       0xa8 ./Drivers/STM32F4xx_HAL_Driver/stm32f4xx_hal_cortex.o
 .debug_aranges
                0x0000000000000510       0x80 ./Drivers/STM32F4xx_HAL_Driver/stm32f4xx_hal_dma.o
 .debug_aranges
                0x0000000000000590       0x58 ./Drivers/STM32F4xx_HAL_Driver/stm32f4xx_hal_gpio.o
 .debug_aranges
                0x00000000000005e8      0x1b8 ./Drivers/STM32F4xx_HAL_Driver/stm32f4xx_hal_i2c.o
 .debug_aranges
                0x00000000000007a0       0xc8 ./Drivers/STM32F4xx_HAL_Driver/stm32f4xx_hal_i2s.o
 .debug_aranges
                0x0000000000000868       0x60 ./Drivers/STM32F4xx_HAL_Driver/stm32f4xx_hal_i2s_ex.o
 .debug_aranges
                0x00000000000008c8       0x88 ./Drivers/STM32F4xx_HAL_Driver/stm32f4xx_hal_rcc.o
 .debug_aranges
                0x0000000000000950       0x48 ./Drivers/STM32F4xx_HAL_Driver/stm32f4xx_hal_rcc_ex.o
 .debug_aranges
                0x0000000000000998      0x1a8 ./Drivers/STM32F4xx_HAL_Driver/stm32f4xx_hal_spi.o
 .debug_aranges
                0x0000000000000b40       0x28 ./Example/SW4STM32/startup_stm32f407xx.o
 .debug_aranges
                0x0000000000000b68       0x30 ./Example/User/audio_play.o
 .debug_aranges
                0x0000000000000b98       0x38 ./Example/User/audio_record.o
 .debug_aranges
                0x0000000000000bd0       0x38 ./Example/User/main.o
 .debug_aranges
                0x0000000000000c08       0x20 ./Example/User/mems.o
 .debug_aranges
                0x0000000000000c28       0x68 ./Example/User/stm32f4xx_it.o

.debug_ranges   0x0000000000000000     0x12e8
 .debug_ranges  0x0000000000000000       0xb8 ./Drivers/BSP/Components/cs43l22.o
 .debug_ranges  0x00000000000000b8       0x68 ./Drivers/BSP/Components/lis302dl.o
 .debug_ranges  0x0000000000000120       0x58 ./Drivers/BSP/Components/lis3dsh.o
 .debug_ranges  0x0000000000000178      0x1d8 ./Drivers/BSP/STM32F4-Discovery/stm32f4_discovery.o
 .debug_ranges  0x0000000000000350       0x38 ./Drivers/BSP/STM32F4-Discovery/stm32f4_discovery_accelerometer.o
 .debug_ranges  0x0000000000000388      0x1a0 ./Drivers/BSP/STM32F4-Discovery/stm32f4_discovery_audio.o
 .debug_ranges  0x0000000000000528       0x18 ./Drivers/CMSIS/system_stm32f4xx.o
 .debug_ranges  0x0000000000000540       0xd8 ./Drivers/STM32F4xx_HAL_Driver/stm32f4xx_hal.o
 .debug_ranges  0x0000000000000618      0x150 ./Drivers/STM32F4xx_HAL_Driver/stm32f4xx_hal_cortex.o
 .debug_ranges  0x0000000000000768       0xc8 ./Drivers/STM32F4xx_HAL_Driver/stm32f4xx_hal_dma.o
 .debug_ranges  0x0000000000000830       0x68 ./Drivers/STM32F4xx_HAL_Driver/stm32f4xx_hal_gpio.o
 .debug_ranges  0x0000000000000898      0x4b0 ./Drivers/STM32F4xx_HAL_Driver/stm32f4xx_hal_i2c.o
 .debug_ranges  0x0000000000000d48       0xb8 ./Drivers/STM32F4xx_HAL_Driver/stm32f4xx_hal_i2s.o
 .debug_ranges  0x0000000000000e00       0x50 ./Drivers/STM32F4xx_HAL_Driver/stm32f4xx_hal_i2s_ex.o
 .debug_ranges  0x0000000000000e50       0xb0 ./Drivers/STM32F4xx_HAL_Driver/stm32f4xx_hal_rcc.o
 .debug_ranges  0x0000000000000f00       0x50 ./Drivers/STM32F4xx_HAL_Driver/stm32f4xx_hal_rcc_ex.o
 .debug_ranges  0x0000000000000f50      0x270 ./Drivers/STM32F4xx_HAL_Driver/stm32f4xx_hal_spi.o
 .debug_ranges  0x00000000000011c0       0x20 ./Example/SW4STM32/startup_stm32f407xx.o
 .debug_ranges  0x00000000000011e0       0x20 ./Example/User/audio_play.o
 .debug_ranges  0x0000000000001200       0x28 ./Example/User/audio_record.o
 .debug_ranges  0x0000000000001228       0x58 ./Example/User/main.o
 .debug_ranges  0x0000000000001280       0x10 ./Example/User/mems.o
 .debug_ranges  0x0000000000001290       0x58 ./Example/User/stm32f4xx_it.o

.debug_macro    0x0000000000000000    0x22bd2
 .debug_macro   0x0000000000000000       0x87 ./Drivers/BSP/Components/cs43l22.o
 .debug_macro   0x0000000000000087      0xa7e ./Drivers/BSP/Components/cs43l22.o
 .debug_macro   0x0000000000000b05       0x22 ./Drivers/BSP/Components/cs43l22.o
 .debug_macro   0x0000000000000b27       0x8e ./Drivers/BSP/Components/cs43l22.o
 .debug_macro   0x0000000000000bb5       0x51 ./Drivers/BSP/Components/cs43l22.o
 .debug_macro   0x0000000000000c06      0x103 ./Drivers/BSP/Components/cs43l22.o
 .debug_macro   0x0000000000000d09       0x6a ./Drivers/BSP/Components/cs43l22.o
 .debug_macro   0x0000000000000d73      0x1df ./Drivers/BSP/Components/cs43l22.o
 .debug_macro   0x0000000000000f52       0x10 ./Drivers/BSP/Components/cs43l22.o
 .debug_macro   0x0000000000000f62      0x18f ./Drivers/BSP/Components/cs43l22.o
 .debug_macro   0x00000000000010f1       0x7c ./Drivers/BSP/Components/lis302dl.o
 .debug_macro   0x000000000000116d      0x1d1 ./Drivers/BSP/Components/lis302dl.o
 .debug_macro   0x000000000000133e       0x7c ./Drivers/BSP/Components/lis3dsh.o
 .debug_macro   0x00000000000013ba      0x428 ./Drivers/BSP/Components/lis3dsh.o
 .debug_macro   0x00000000000017e2      0x210 ./Drivers/BSP/STM32F4-Discovery/stm32f4_discovery.o
 .debug_macro   0x00000000000019f2      0x1ab ./Drivers/BSP/STM32F4-Discovery/stm32f4_discovery.o
 .debug_macro   0x0000000000001b9d       0x2e ./Drivers/BSP/STM32F4-Discovery/stm32f4_discovery.o
 .debug_macro   0x0000000000001bcb       0x2f ./Drivers/BSP/STM32F4-Discovery/stm32f4_discovery.o
 .debug_macro   0x0000000000001bfa       0x1c ./Drivers/BSP/STM32F4-Discovery/stm32f4_discovery.o
 .debug_macro   0x0000000000001c16       0x22 ./Drivers/BSP/STM32F4-Discovery/stm32f4_discovery.o
 .debug_macro   0x0000000000001c38       0xd9 ./Drivers/BSP/STM32F4-Discovery/stm32f4_discovery.o
 .debug_macro   0x0000000000001d11     0x102d ./Drivers/BSP/STM32F4-Discovery/stm32f4_discovery.o
 .debug_macro   0x0000000000002d3e      0x11f ./Drivers/BSP/STM32F4-Discovery/stm32f4_discovery.o
 .debug_macro   0x0000000000002e5d    0x15e82 ./Drivers/BSP/STM32F4-Discovery/stm32f4_discovery.o
 .debug_macro   0x0000000000018cdf       0x6d ./Drivers/BSP/STM32F4-Discovery/stm32f4_discovery.o
 .debug_macro   0x0000000000018d4c     0x367e ./Drivers/BSP/STM32F4-Discovery/stm32f4_discovery.o
 .debug_macro   0x000000000001c3ca      0x174 ./Drivers/BSP/STM32F4-Discovery/stm32f4_discovery.o
 .debug_macro   0x000000000001c53e       0x5c ./Drivers/BSP/STM32F4-Discovery/stm32f4_discovery.o
 .debug_macro   0x000000000001c59a      0x96b ./Drivers/BSP/STM32F4-Discovery/stm32f4_discovery.o
 .debug_macro   0x000000000001cf05      0x9fe ./Drivers/BSP/STM32F4-Discovery/stm32f4_discovery.o
 .debug_macro   0x000000000001d903      0x115 ./Drivers/BSP/STM32F4-Discovery/stm32f4_discovery.o
 .debug_macro   0x000000000001da18      0x13e ./Drivers/BSP/STM32F4-Discovery/stm32f4_discovery.o
 .debug_macro   0x000000000001db56       0xa5 ./Drivers/BSP/STM32F4-Discovery/stm32f4_discovery.o
 .debug_macro   0x000000000001dbfb      0x287 ./Drivers/BSP/STM32F4-Discovery/stm32f4_discovery.o
 .debug_macro   0x000000000001de82       0x5f ./Drivers/BSP/STM32F4-Discovery/stm32f4_discovery.o
 .debug_macro   0x000000000001dee1      0x236 ./Drivers/BSP/STM32F4-Discovery/stm32f4_discovery.o
 .debug_macro   0x000000000001e117      0x12c ./Drivers/BSP/STM32F4-Discovery/stm32f4_discovery.o
 .debug_macro   0x000000000001e243      0x21e ./Drivers/BSP/STM32F4-Discovery/stm32f4_discovery.o
 .debug_macro   0x000000000001e461       0x2e ./Drivers/BSP/STM32F4-Discovery/stm32f4_discovery.o
 .debug_macro   0x000000000001e48f      0x1b5 ./Drivers/BSP/STM32F4-Discovery/stm32f4_discovery.o
 .debug_macro   0x000000000001e644       0xd6 ./Drivers/BSP/STM32F4-Discovery/stm32f4_discovery.o
 .debug_macro   0x000000000001e71a      0x1a7 ./Drivers/BSP/STM32F4-Discovery/stm32f4_discovery.o
 .debug_macro   0x000000000001e8c1       0x46 ./Drivers/BSP/STM32F4-Discovery/stm32f4_discovery.o
 .debug_macro   0x000000000001e907       0x4a ./Drivers/BSP/STM32F4-Discovery/stm32f4_discovery.o
 .debug_macro   0x000000000001e951      0x11a ./Drivers/BSP/STM32F4-Discovery/stm32f4_discovery.o
 .debug_macro   0x000000000001ea6b       0x7e ./Drivers/BSP/STM32F4-Discovery/stm32f4_discovery.o
 .debug_macro   0x000000000001eae9       0x89 ./Drivers/BSP/STM32F4-Discovery/stm32f4_discovery.o
 .debug_macro   0x000000000001eb72      0x225 ./Drivers/BSP/STM32F4-Discovery/stm32f4_discovery.o
 .debug_macro   0x000000000001ed97      0x12d ./Drivers/BSP/STM32F4-Discovery/stm32f4_discovery.o
 .debug_macro   0x000000000001eec4      0x1d9 ./Drivers/BSP/STM32F4-Discovery/stm32f4_discovery.o
 .debug_macro   0x000000000001f09d      0x228 ./Drivers/BSP/STM32F4-Discovery/stm32f4_discovery_accelerometer.o
 .debug_macro   0x000000000001f2c5      0x228 ./Drivers/BSP/STM32F4-Discovery/stm32f4_discovery_audio.o
 .debug_macro   0x000000000001f4ed       0x82 ./Drivers/BSP/STM32F4-Discovery/stm32f4_discovery_audio.o
 .debug_macro   0x000000000001f56f      0x167 ./Drivers/BSP/STM32F4-Discovery/stm32f4_discovery_audio.o
 .debug_macro   0x000000000001f6d6      0x1e9 ./Drivers/CMSIS/system_stm32f4xx.o
 .debug_macro   0x000000000001f8bf      0x243 ./Drivers/STM32F4xx_HAL_Driver/stm32f4xx_hal.o
 .debug_macro   0x000000000001fb02      0x1e3 ./Drivers/STM32F4xx_HAL_Driver/stm32f4xx_hal_cortex.o
 .debug_macro   0x000000000001fce5      0x1e9 ./Drivers/STM32F4xx_HAL_Driver/stm32f4xx_hal_dma.o
 .debug_macro   0x000000000001fece      0x1e9 ./Drivers/STM32F4xx_HAL_Driver/stm32f4xx_hal_gpio.o
 .debug_macro   0x00000000000200b7      0x22a ./Drivers/STM32F4xx_HAL_Driver/stm32f4xx_hal_i2c.o
 .debug_macro   0x00000000000202e1      0x1eb ./Drivers/STM32F4xx_HAL_Driver/stm32f4xx_hal_i2s.o
 .debug_macro   0x00000000000204cc      0x1e3 ./Drivers/STM32F4xx_HAL_Driver/stm32f4xx_hal_i2s_ex.o
 .debug_macro   0x00000000000206af      0x207 ./Drivers/STM32F4xx_HAL_Driver/stm32f4xx_hal_rcc.o
 .debug_macro   0x00000000000208b6      0x1e3 ./Drivers/STM32F4xx_HAL_Driver/stm32f4xx_hal_rcc_ex.o
 .debug_macro   0x0000000000020a99      0x1f2 ./Drivers/STM32F4xx_HAL_Driver/stm32f4xx_hal_spi.o
 .debug_macro   0x0000000000020c8b      0x406 ./Example/User/audio_play.o
 .debug_macro   0x0000000000021091       0x16 ./Example/User/audio_play.o
 .debug_macro   0x00000000000210a7       0x52 ./Example/User/audio_play.o
 .debug_macro   0x00000000000210f9       0x1e ./Example/User/audio_play.o
 .debug_macro   0x0000000000021117       0x3c ./Example/User/audio_play.o
 .debug_macro   0x0000000000021153       0x34 ./Example/User/audio_play.o
 .debug_macro   0x0000000000021187       0x16 ./Example/User/audio_play.o
 .debug_macro   0x000000000002119d       0x35 ./Example/User/audio_play.o
 .debug_macro   0x00000000000211d2      0x341 ./Example/User/audio_play.o
 .debug_macro   0x0000000000021513       0x10 ./Example/User/audio_play.o
 .debug_macro   0x0000000000021523       0x16 ./Example/User/audio_play.o
 .debug_macro   0x0000000000021539       0x43 ./Example/User/audio_play.o
 .debug_macro   0x000000000002157c       0x34 ./Example/User/audio_play.o
 .debug_macro   0x00000000000215b0       0x10 ./Example/User/audio_play.o
 .debug_macro   0x00000000000215c0       0x58 ./Example/User/audio_play.o
 .debug_macro   0x0000000000021618       0x71 ./Example/User/audio_play.o
 .debug_macro   0x0000000000021689       0x1c ./Example/User/audio_play.o
 .debug_macro   0x00000000000216a5      0x12a ./Example/User/audio_play.o
 .debug_macro   0x00000000000217cf       0x10 ./Example/User/audio_play.o
 .debug_macro   0x00000000000217df       0x1c ./Example/User/audio_play.o
 .debug_macro   0x00000000000217fb       0x52 ./Example/User/audio_play.o
 .debug_macro   0x000000000002184d       0x22 ./Example/User/audio_play.o
 .debug_macro   0x000000000002186f       0x10 ./Example/User/audio_play.o
 .debug_macro   0x000000000002187f       0x52 ./Example/User/audio_play.o
 .debug_macro   0x00000000000218d1       0xd5 ./Example/User/audio_play.o
 .debug_macro   0x00000000000219a6       0x1c ./Example/User/audio_play.o
 .debug_macro   0x00000000000219c2       0x3d ./Example/User/audio_play.o
 .debug_macro   0x00000000000219ff       0x16 ./Example/User/audio_play.o
 .debug_macro   0x0000000000021a15      0x145 ./Example/User/audio_play.o
 .debug_macro   0x0000000000021b5a       0x22 ./Example/User/audio_play.o
 .debug_macro   0x0000000000021b7c      0x430 ./Example/User/audio_record.o
 .debug_macro   0x0000000000021fac       0x16 ./Example/User/audio_record.o
 .debug_macro   0x0000000000021fc2       0x20 ./Example/User/audio_record.o
 .debug_macro   0x0000000000021fe2      0x3f6 ./Example/User/main.o
 .debug_macro   0x00000000000223d8      0x3fa ./Example/User/mems.o
 .debug_macro   0x00000000000227d2      0x400 ./Example/User/stm32f4xx_it.o

.debug_line     0x0000000000000000    0x18fd7
 .debug_line    0x0000000000000000      0x996 ./Drivers/BSP/Components/cs43l22.o
 .debug_line    0x0000000000000996      0x763 ./Drivers/BSP/Components/lis302dl.o
 .debug_line    0x00000000000010f9      0x745 ./Drivers/BSP/Components/lis3dsh.o